 PhysXCooking_64

 Timestamp is 64eadf76 (Sun Aug 27 14:30:30 2023)

 Preferred load address is 0000000180000000

 Start         Length     Name                   Class
 0001:00000000 00000060H .text$di                CODE
 0001:00000060 0001b770H .text$mn                CODE
 0001:0001b7d0 00000040H .text$mn$00             CODE
 0001:0001b810 00000490H .text$x                 CODE
 0002:00000000 00000258H .idata$5                DATA
 0002:00000258 00000028H .00cfg                  DATA
 0002:00000280 00000008H .CRT$XCA                DATA
 0002:00000288 00000030H .CRT$XCU                DATA
 0002:000002b8 00000008H .CRT$XCZ                DATA
 0002:000002c0 00000008H .CRT$XIA                DATA
 0002:000002c8 00000018H .CRT$XIC                DATA
 0002:000002e0 00000008H .CRT$XIZ                DATA
 0002:000002e8 00000008H .CRT$XPA                DATA
 0002:000002f0 00000010H .CRT$XPX                DATA
 0002:00000300 00000008H .CRT$XPXA               DATA
 0002:00000308 00000008H .CRT$XPZ                DATA
 0002:00000310 00000008H .CRT$XTA                DATA
 0002:00000318 00000008H .CRT$XTZ                DATA
 0002:00000320 00000000H .gehcont$y              DATA
 0002:00000320 00000000H .gfids$y                DATA
 0002:00000320 00008de0H .rdata                  DATA
 0002:00009100 00000000H .rdata$CastGuardVftablesA DATA
 0002:00009100 00000000H .rdata$CastGuardVftablesC DATA
 0002:00009100 0000043cH .rdata$r                DATA
 0002:0000953c 00000020H .rdata$voltmd           DATA
 0002:0000955c 00000424H .rdata$zzzdbg           DATA
 0002:00009980 00000008H .rtc$IAA                DATA
 0002:00009988 00000008H .rtc$IZZ                DATA
 0002:00009990 00000008H .rtc$TAA                DATA
 0002:00009998 00000008H .rtc$TZZ                DATA
 0002:000099a0 00001368H .xdata                  DATA
 0002:0000ad08 00000084H .xdata$x                DATA
 0002:0000ad8c 00000040H .didat$2                DATA
 0002:0000adcc 00000024H .didat$3                DATA
 0002:0000adf0 000000d8H .didat$4                DATA
 0002:0000aec8 00000280H .didat$6                DATA
 0002:0000b148 000000d8H .didat$7                DATA
 0002:0000b220 00000b04H .edata                  DATA
 0002:0000bd24 00000014H .idata$2                DATA
 0002:0000bd38 00000018H .idata$3                DATA
 0002:0000bd50 00000258H .idata$4                DATA
 0002:0000bfa8 0000057cH .idata$6                DATA
 0003:00000000 00000a00H .data                   DATA
 0003:00000a00 000000e0H .data$r                 DATA
 0003:00000ae0 000000f0H .data$rs                DATA
 0003:00000bd0 000000e0H .didat$5                DATA
 0003:00000cb0 00001290H .bss                    DATA
 0004:00000000 000016ecH .pdata                  DATA
 0005:00000000 000000fcH _RDATA                  DATA
 0006:00000000 000000a0H .rsrc$01                DATA
 0006:000000a0 000004b0H .rsrc$02                DATA

  Address         Publics by Value              Rva+Base               Lib:Object

 0000:00000000       ___safe_se_handler_table   0000000000000000     <absolute>
 0000:00000000       __guard_longjmp_table      0000000000000000     <absolute>
 0000:00000000       __x64_code_ranges_to_entry_points 0000000000000000     <absolute>
 0000:00000000       __arm64x_redirection_metadata 0000000000000000     <absolute>
 0000:00000000       __guard_iat_table          0000000000000000     <absolute>
 0000:00000000       __guard_fids_count         0000000000000000     <absolute>
 0000:00000000       __arm64x_extra_rfe_table   0000000000000000     <absolute>
 0000:00000000       __guard_iat_count          0000000000000000     <absolute>
 0000:00000000       __guard_longjmp_count      0000000000000000     <absolute>
 0000:00000000       __dynamic_value_reloc_table 0000000000000000     <absolute>
 0000:00000000       __hybrid_code_map          0000000000000000     <absolute>
 0000:00000000       __x64_code_ranges_to_entry_points_count 0000000000000000     <absolute>
 0000:00000000       __hybrid_auxiliary_iat     0000000000000000     <absolute>
 0000:00000000       __arm64x_extra_rfe_table_size 0000000000000000     <absolute>
 0000:00000000       __hybrid_auxiliary_iat_copy 0000000000000000     <absolute>
 0000:00000000       ___safe_se_handler_count   0000000000000000     <absolute>
 0000:00000000       __AbsoluteZero             0000000000000000     <absolute>
 0000:00000000       __guard_check_icall_a64n_fptr 0000000000000000     <absolute>
 0000:00000000       __guard_eh_cont_count      0000000000000000     <absolute>
 0000:00000000       __guard_fids_table         0000000000000000     <absolute>
 0000:00000000       __arm64x_redirection_metadata_count 0000000000000000     <absolute>
 0000:00000000       __enclave_config           0000000000000000     <absolute>
 0000:00000000       __guard_eh_cont_table      0000000000000000     <absolute>
 0000:00000000       __arm64x_native_entrypoint 0000000000000000     <absolute>
 0000:00000000       __hybrid_code_map_count    0000000000000000     <absolute>
 0000:00000100       __guard_flags              0000000000000100     <absolute>
 0000:00000000       __ImageBase                0000000180000000     <linker-defined>
 0001:00000060       ??$copy@V?$PxReflectionAllocator@USlab@NodeAllocator@Gu@physx@@@physx@@@?$PxArray@USlab@NodeAllocator@Gu@physx@@V?$PxReflectionAllocator@USlab@NodeAllocator@Gu@physx@@@4@@physx@@IEAAXAEBV01@@Z 0000000180001060 f i Cooking.obj
 0001:000000e0       ??0AABBTreeBounds@Gu@physx@@QEAA@XZ 00000001800010e0 f i Cooking.obj
 0001:000000f0       ??4AABBTreeBuildNode@Gu@physx@@QEAAAEAV012@AEBV012@@Z 00000001800010f0 f i Cooking.obj
 0001:000000f0       ??0AABBTreeBuildNode@Gu@physx@@QEAA@AEBV012@@Z 00000001800010f0 f i Cooking.obj
 0001:00000130       ??0AABBTreeBuildNode@Gu@physx@@QEAA@XZ 0000000180001130 f i Cooking.obj
 0001:00000130       ??$forward@_K@std@@YA$$QEA_KAEA_K@Z 0000000180001130 f i libvcruntime:undname.obj
 0001:00000130       ??4PxFoundation@physx@@QEAAAEAV01@AEBV01@@Z 0000000180001130 f i Cooking.obj
 0001:00000130       ?getAABB@AABBTreeBuildNode@Gu@physx@@QEBAAEBVPxBounds3@3@XZ 0000000180001130 f i Cooking.obj
 0001:00000140       ??0AABBTreeBuildParams@Gu@physx@@QEAA@IIPEBVAABBTreeBounds@12@W4BVHBuildStrategy@12@@Z 0000000180001140 f i Cooking.obj
 0001:00000160       ??0NodeAllocator@Gu@physx@@QEAA@AEBV012@@Z 0000000180001160 f i Cooking.obj
 0001:000001a0       ??0PxFoundation@physx@@QEAA@AEBV01@@Z 00000001800011a0 f i Cooking.obj
 0001:000001a0       ??0PxFoundation@physx@@QEAA@XZ 00000001800011a0 f i Cooking.obj
 0001:000001b0       ??1AABBTreeBounds@Gu@physx@@QEAA@XZ 00000001800011b0 f i Cooking.obj
 0001:000001c0       ??1AABBTreeBuildNode@Gu@physx@@QEAA@XZ 00000001800011c0 f i Cooking.obj
 0001:000001c0       _guard_check_icall_nop     00000001800011c0 f i LIBCMT:guard_support.obj
 0001:000001d0       ?reset@AABBTreeBuildParams@Gu@physx@@QEAAXXZ 00000001800011d0 f i Cooking.obj
 0001:000001d0       ??1AABBTreeBuildParams@Gu@physx@@QEAA@XZ 00000001800011d0 f i Cooking.obj
 0001:00000220       ??1PxFoundation@physx@@MEAA@XZ 0000000180001220 f i Cooking.obj
 0001:00000230       ??4AABBTreeBounds@Gu@physx@@QEAAAEAV012@AEBV012@@Z 0000000180001230 f i Cooking.obj
 0001:00000240       ??4AABBTreeBuildParams@Gu@physx@@QEAAAEAV012@AEBV012@@Z 0000000180001240 f i Cooking.obj
 0001:00000260       ??4NodeAllocator@Gu@physx@@QEAAAEAV012@AEBV012@@Z 0000000180001260 f i Cooking.obj
 0001:00000310       ??_EPxFoundation@physx@@MEAAPEAXI@Z 0000000180001310 f i Cooking.obj
 0001:000003a0       ??_FAABBTreeBuildParams@Gu@physx@@QEAAXXZ 00000001800013a0 f i Cooking.obj
 0001:000003c0       ?allocate@?$PxArray@USlab@NodeAllocator@Gu@physx@@V?$PxReflectionAllocator@USlab@NodeAllocator@Gu@physx@@@4@@physx@@IEAAPEAUSlab@NodeAllocator@Gu@2@I@Z 00000001800013c0 f i Cooking.obj
 0001:00000450       ?getBounds@AABBTreeBounds@Gu@physx@@QEAAPEAVPxBounds3@3@XZ 0000000180001450 f i Cooking.obj
 0001:00000450       ?getBounds@AABBTreeBounds@Gu@physx@@QEBAPEBVPxBounds3@3@XZ 0000000180001450 f i Cooking.obj
 0001:00000460       ?getNbRuntimePrimitives@AABBTreeBuildNode@Gu@physx@@QEBAIXZ 0000000180001460 f i Cooking.obj
 0001:00000460       ?getNbPrimitives@AABBTreeBuildNode@Gu@physx@@QEBAIXZ 0000000180001460 f i Cooking.obj
 0001:00000470       ?getNeg@AABBTreeBuildNode@Gu@physx@@QEBAPEBV123@XZ 0000000180001470 f i Cooking.obj
 0001:00000490       ?getPos@AABBTreeBuildNode@Gu@physx@@QEBAPEBV123@XZ 0000000180001490 f i Cooking.obj
 0001:000004a0       ?getPrimitives@AABBTreeBuildNode@Gu@physx@@QEBAPEBIPEBI@Z 00000001800014a0 f i Cooking.obj
 0001:000004a0       ?getPrimitives@AABBTreeBuildNode@Gu@physx@@QEAAPEAIPEAI@Z 00000001800014a0 f i Cooking.obj
 0001:000004b0       ?isLeaf@AABBTreeBuildNode@Gu@physx@@QEBA_NXZ 00000001800014b0 f i Cooking.obj
 0001:000004c0       ?moveFrom@AABBTreeBounds@Gu@physx@@QEAAXAEAV123@@Z 00000001800014c0 f i Cooking.obj
 0001:000004d0       ?ownsMemory@AABBTreeBounds@Gu@physx@@QEBA_NXZ 00000001800014d0 f i Cooking.obj
 0001:000004e0       ?recreate@?$PxArray@USlab@NodeAllocator@Gu@physx@@V?$PxReflectionAllocator@USlab@NodeAllocator@Gu@physx@@@4@@physx@@IEAAXI@Z 00000001800014e0 f i Cooking.obj
 0001:00000590       ?setBounds@AABBTreeBounds@Gu@physx@@QEAAXPEAVPxBounds3@3@@Z 0000000180001590 f i Cooking.obj
 0001:000005a0       ?setNbRunTimePrimitives@AABBTreeBuildNode@Gu@physx@@QEAAXI@Z 00000001800015a0 f i Cooking.obj
 0001:000005b0       ?takeOwnership@AABBTreeBounds@Gu@physx@@QEAAXXZ 00000001800015b0 f i Cooking.obj
 0001:000005c0       PxAssembleSoftBodyMesh     00000001800015c0 f   Cooking.obj
 0001:000005d0       PxAssembleSoftBodyMesh_Sim 00000001800015d0 f   Cooking.obj
 0001:000005e0       PxComputeCollisionData     00000001800015e0 f   Cooking.obj
 0001:000005f0       PxComputeHullPolygons      00000001800015f0 f   Cooking.obj
 0001:00000600       PxComputeModelsMapping     0000000180001600 f   Cooking.obj
 0001:00000610       PxComputeSimulationData    0000000180001610 f   Cooking.obj
 0001:00000620       PxCookBVH                  0000000180001620 f   Cooking.obj
 0001:00000630       PxCookConvexMesh           0000000180001630 f   Cooking.obj
 0001:00000640       PxCookHeightField          0000000180001640 f   Cooking.obj
 0001:00000650       PxCookSoftBodyMesh         0000000180001650 f   Cooking.obj
 0001:00000660       PxCookTetrahedronMesh      0000000180001660 f   Cooking.obj
 0001:00000670       PxCookTriangleMesh         0000000180001670 f   Cooking.obj
 0001:00000680       PxCreateBVH                0000000180001680 f   Cooking.obj
 0001:00000690       PxCreateBVHInternal        0000000180001690 f   Cooking.obj
 0001:00000720       PxCreateConvexMesh         0000000180001720 f   Cooking.obj
 0001:00000730       PxCreateHeightField        0000000180001730 f   Cooking.obj
 0001:00000740       PxCreateSoftBodyMesh       0000000180001740 f   Cooking.obj
 0001:00000750       PxCreateTetrahedronMesh    0000000180001750 f   Cooking.obj
 0001:00000760       PxCreateTriangleMesh       0000000180001760 f   Cooking.obj
 0001:00000770       PxCreateTriangleMeshInternal 0000000180001770 f   Cooking.obj
 0001:00000800       PxGetStandaloneInsertionCallback 0000000180001800 f   Cooking.obj
 0001:00000810       PxValidateConvexMesh       0000000180001810 f   Cooking.obj
 0001:00000820       PxValidateTriangleMesh     0000000180001820 f   Cooking.obj
 0001:00000830       ?cookingDelayHook@@YAP6A_JXZIPEAUDelayLoadInfo@@@Z 0000000180001830 f   WindowsCookingDelayLoadHook.obj
 0001:00000910       PxSetPhysXCookingDelayLoadHook 0000000180001910 f   WindowsCookingDelayLoadHook.obj
 0001:00000918       __imp_load_getInsertionCallback 0000000180001918 f   PhysXCommon_64:PhysXCommon_64.dll
 0001:00000924       getInsertionCallback       0000000180001924 f   PhysXCommon_64:PhysXCommon_64.dll
 0001:0000092a       __tailMerge_physxcommon_64_dll 000000018000192a     PhysXCommon_64:PhysXCommon_64.dll
 0001:000009a3       __imp_load_cookBVH         00000001800019a3 f   PhysXCommon_64:PhysXCommon_64.dll
 0001:000009af       cookBVH                    00000001800019af f   PhysXCommon_64:PhysXCommon_64.dll
 0001:000009b5       __imp_load_createBVH       00000001800019b5 f   PhysXCommon_64:PhysXCommon_64.dll
 0001:000009c1       createBVH                  00000001800019c1 f   PhysXCommon_64:PhysXCommon_64.dll
 0001:000009c7       __imp_load_cookHeightField 00000001800019c7 f   PhysXCommon_64:PhysXCommon_64.dll
 0001:000009d3       cookHeightField            00000001800019d3 f   PhysXCommon_64:PhysXCommon_64.dll
 0001:000009d9       __imp_load_createHeightField 00000001800019d9 f   PhysXCommon_64:PhysXCommon_64.dll
 0001:000009e5       createHeightField          00000001800019e5 f   PhysXCommon_64:PhysXCommon_64.dll
 0001:000009eb       __imp_load_cookConvexMesh  00000001800019eb f   PhysXCommon_64:PhysXCommon_64.dll
 0001:000009f7       cookConvexMesh             00000001800019f7 f   PhysXCommon_64:PhysXCommon_64.dll
 0001:000009fd       __imp_load_createConvexMesh 00000001800019fd f   PhysXCommon_64:PhysXCommon_64.dll
 0001:00000a09       createConvexMesh           0000000180001a09 f   PhysXCommon_64:PhysXCommon_64.dll
 0001:00000a0f       __imp_load_validateConvexMesh 0000000180001a0f f   PhysXCommon_64:PhysXCommon_64.dll
 0001:00000a1b       validateConvexMesh         0000000180001a1b f   PhysXCommon_64:PhysXCommon_64.dll
 0001:00000a21       __imp_load_computeHullPolygons 0000000180001a21 f   PhysXCommon_64:PhysXCommon_64.dll
 0001:00000a2d       computeHullPolygons        0000000180001a2d f   PhysXCommon_64:PhysXCommon_64.dll
 0001:00000a33       __imp_load_validateTriangleMesh 0000000180001a33 f   PhysXCommon_64:PhysXCommon_64.dll
 0001:00000a3f       validateTriangleMesh       0000000180001a3f f   PhysXCommon_64:PhysXCommon_64.dll
 0001:00000a45       __imp_load_createTriangleMesh 0000000180001a45 f   PhysXCommon_64:PhysXCommon_64.dll
 0001:00000a51       createTriangleMesh         0000000180001a51 f   PhysXCommon_64:PhysXCommon_64.dll
 0001:00000a57       __imp_load_cookTriangleMesh 0000000180001a57 f   PhysXCommon_64:PhysXCommon_64.dll
 0001:00000a63       cookTriangleMesh           0000000180001a63 f   PhysXCommon_64:PhysXCommon_64.dll
 0001:00000a69       __imp_load_cookTetrahedronMesh 0000000180001a69 f   PhysXCommon_64:PhysXCommon_64.dll
 0001:00000a75       cookTetrahedronMesh        0000000180001a75 f   PhysXCommon_64:PhysXCommon_64.dll
 0001:00000a7b       __imp_load_createTetrahedronMesh 0000000180001a7b f   PhysXCommon_64:PhysXCommon_64.dll
 0001:00000a87       createTetrahedronMesh      0000000180001a87 f   PhysXCommon_64:PhysXCommon_64.dll
 0001:00000a8d       __imp_load_cookSoftBodyMesh 0000000180001a8d f   PhysXCommon_64:PhysXCommon_64.dll
 0001:00000a99       cookSoftBodyMesh           0000000180001a99 f   PhysXCommon_64:PhysXCommon_64.dll
 0001:00000a9f       __imp_load_createSoftBodyMesh 0000000180001a9f f   PhysXCommon_64:PhysXCommon_64.dll
 0001:00000aab       createSoftBodyMesh         0000000180001aab f   PhysXCommon_64:PhysXCommon_64.dll
 0001:00000ab1       __imp_load_computeModelsMapping 0000000180001ab1 f   PhysXCommon_64:PhysXCommon_64.dll
 0001:00000abd       computeModelsMapping       0000000180001abd f   PhysXCommon_64:PhysXCommon_64.dll
 0001:00000ac3       __imp_load_computeCollisionData 0000000180001ac3 f   PhysXCommon_64:PhysXCommon_64.dll
 0001:00000acf       computeCollisionData       0000000180001acf f   PhysXCommon_64:PhysXCommon_64.dll
 0001:00000ad5       __imp_load_computeSimulationData 0000000180001ad5 f   PhysXCommon_64:PhysXCommon_64.dll
 0001:00000ae1       computeSimulationData      0000000180001ae1 f   PhysXCommon_64:PhysXCommon_64.dll
 0001:00000ae7       __imp_load_assembleSoftBodyMesh 0000000180001ae7 f   PhysXCommon_64:PhysXCommon_64.dll
 0001:00000af3       assembleSoftBodyMesh       0000000180001af3 f   PhysXCommon_64:PhysXCommon_64.dll
 0001:00000af9       __imp_load_assembleSoftBodyMesh_Sim 0000000180001af9 f   PhysXCommon_64:PhysXCommon_64.dll
 0001:00000b05       assembleSoftBodyMesh_Sim   0000000180001b05 f   PhysXCommon_64:PhysXCommon_64.dll
 0001:00000b0b       __imp_load_?release@AABBTreeBounds@Gu@physx@@QEAAXXZ 0000000180001b0b f   PhysXCommon_64:PhysXCommon_64.dll
 0001:00000b17       ?release@AABBTreeBounds@Gu@physx@@QEAAXXZ 0000000180001b17 f   PhysXCommon_64:PhysXCommon_64.dll
 0001:00000b1d       __imp_load_??0BVH@Gu@physx@@QEAA@AEBUPxBVHInternalData@2@@Z 0000000180001b1d f   PhysXCommon_64:PhysXCommon_64.dll
 0001:00000b29       ??0BVH@Gu@physx@@QEAA@AEBUPxBVHInternalData@2@@Z 0000000180001b29 f   PhysXCommon_64:PhysXCommon_64.dll
 0001:00000b2f       __imp_load_??0BV4TriangleMesh@Gu@physx@@QEAA@AEBUPxTriangleMeshInternalData@2@@Z 0000000180001b2f f   PhysXCommon_64:PhysXCommon_64.dll
 0001:00000b3b       ??0BV4TriangleMesh@Gu@physx@@QEAA@AEBUPxTriangleMeshInternalData@2@@Z 0000000180001b3b f   PhysXCommon_64:PhysXCommon_64.dll
 0001:00000b41       __imp_load_PxGetBroadcastAllocator 0000000180001b41 f   PhysXFoundation_64:PhysXFoundation_64.dll
 0001:00000b4d       PxGetBroadcastAllocator    0000000180001b4d f   PhysXFoundation_64:PhysXFoundation_64.dll
 0001:00000b53       __tailMerge_physxfoundation_64_dll 0000000180001b53     PhysXFoundation_64:PhysXFoundation_64.dll
 0001:00000bcc       ?DloadAcquireSectionWriteAccess@@YAXXZ 0000000180001bcc f i Delayimp:delayhlp.obj
 0001:00000c78       ?DloadGetSRWLockFunctionPointers@@YAEXZ 0000000180001c78 f i Delayimp:delayhlp.obj
 0001:00000d14       ?DloadMakePermanentImageCommit@@YAXPEAX_K@Z 0000000180001d14 f i Delayimp:delayhlp.obj
 0001:00000dac       ?DloadObtainSection@@YAPEAXPEAK0@Z 0000000180001dac f i Delayimp:delayhlp.obj
 0001:00000e48       ?DloadProtectSection@@YAXKPEAK@Z 0000000180001e48 f i Delayimp:delayhlp.obj
 0001:00000ed8       ?DloadReleaseSectionWriteAccess@@YAXXZ 0000000180001ed8 f i Delayimp:delayhlp.obj
 0001:00000f6c       __delayLoadHelper2         0000000180001f6c f   Delayimp:delayhlp.obj
 0001:00001240       ??3@YAXPEAX@Z              0000000180002240 f   LIBCMT:delete_scalar.obj
 0001:00001248       ??_V@YAXPEAX@Z             0000000180002248 f   LIBCMT:delete_array.obj
 0001:00001248       ??3@YAXPEAX_K@Z            0000000180002248 f   LIBCMT:delete_scalar_size.obj
 0001:00001250       ??_V@YAXPEAX_K@Z           0000000180002250 f   LIBCMT:delete_array_size.obj
 0001:00001258       ??_Etype_info@@UEAAPEAXI@Z 0000000180002258 f i LIBCMT:std_type_info_static.obj
 0001:00001258       ??_Gtype_info@@UEAAPEAXI@Z 0000000180002258 f i LIBCMT:std_type_info_static.obj
 0001:00001284       ?__scrt_initialize_type_info@@YAXXZ 0000000180002284 f   LIBCMT:tncleanup.obj
 0001:00001294       ?__scrt_uninitialize_type_info@@YAXXZ 0000000180002294 f   LIBCMT:tncleanup.obj
 0001:000015c0       _DllMainCRTStartup         00000001800025c0 f   LIBCMT:dll_dllmain.obj
 0001:00001600       __security_init_cookie     0000000180002600 f   LIBCMT:gs_support.obj
 0001:000016ac       _get_startup_argv_mode     00000001800026ac f   LIBCMT:argv_mode.obj
 0001:000016ac       ?length@charNode@@UEBAHXZ  00000001800026ac f   libvcruntime:undname.obj
 0001:000016ac       DllMain                    00000001800026ac f   LIBCMT:dll_dllmain_stub.obj
 0001:000016ac       ?raw_length@charNode@@UEBAHXZ 00000001800026ac f   libvcruntime:undname.obj
 0001:000016b4       __local_stdio_printf_options 00000001800026b4 f i LIBCMT:default_local_stdio_options.obj
 0001:000016bc       __local_stdio_scanf_options 00000001800026bc f i LIBCMT:default_local_stdio_options.obj
 0001:000016c4       __scrt_initialize_default_local_stdio_options 00000001800026c4 f   LIBCMT:default_local_stdio_options.obj
 0001:000016e0       __scrt_acquire_startup_lock 00000001800026e0 f   LIBCMT:utility.obj
 0001:0000171c       __scrt_dllmain_after_initialize_c 000000018000271c f   LIBCMT:utility.obj
 0001:00001750       __scrt_dllmain_before_initialize_c 0000000180002750 f   LIBCMT:utility.obj
 0001:00001768       __scrt_dllmain_crt_thread_attach 0000000180002768 f   LIBCMT:utility.obj
 0001:00001790       __scrt_dllmain_crt_thread_detach 0000000180002790 f   LIBCMT:utility.obj
 0001:000017a8       __scrt_dllmain_exception_filter 00000001800027a8 f   LIBCMT:utility.obj
 0001:00001808       __scrt_dllmain_uninitialize_c 0000000180002808 f   LIBCMT:utility.obj
 0001:00001838       __scrt_dllmain_uninitialize_critical 0000000180002838 f   LIBCMT:utility.obj
 0001:0000184c       __scrt_initialize_crt      000000018000284c f   LIBCMT:utility.obj
 0001:00001898       __scrt_initialize_onexit_tables 0000000180002898 f   LIBCMT:utility.obj
 0001:00001924       __scrt_is_nonwritable_in_current_image 0000000180002924 f   LIBCMT:utility.obj
 0001:000019bc       __scrt_release_startup_lock 00000001800029bc f   LIBCMT:utility.obj
 0001:000019e0       __scrt_uninitialize_crt    00000001800029e0 f   LIBCMT:utility.obj
 0001:00001a0c       __scrt_get_dyn_tls_init_callback 0000000180002a0c f   LIBCMT:dyn_tls_init.obj
 0001:00001a14       __crt_debugger_hook        0000000180002a14 f   LIBCMT:utility_desktop.obj
 0001:00001a1c       __scrt_fastfail            0000000180002a1c f   LIBCMT:utility_desktop.obj
 0001:00001b68       _RTC_Initialize            0000000180002b68 f   LIBCMT:initsect.obj
 0001:00001ba4       _RTC_Terminate             0000000180002ba4 f   LIBCMT:initsect.obj
 0001:00001be0       __isa_available_init       0000000180002be0 f   LIBCMT:cpu_disp.obj
 0001:00001d84       __scrt_is_ucrt_dll_in_use  0000000180002d84 f   LIBCMT:ucrt_detection.obj
 0001:00001d90       _get_purecall_handler      0000000180002d90 f   libvcruntime:purevirt.obj
 0001:00001d9c       _purecall                  0000000180002d9c f   libvcruntime:purevirt.obj
 0001:00001dc0       __std_type_info_compare    0000000180002dc0 f   libvcruntime:std_type_info.obj
 0001:00001de8       __std_type_info_destroy_list 0000000180002de8 f   libvcruntime:std_type_info.obj
 0001:00001e14       __std_type_info_name       0000000180002e14 f   libvcruntime:std_type_info.obj
 0001:00001f2c       strstr                     0000000180002f2c f   libvcruntime:strstr.obj
 0001:00002128       __C_specific_handler       0000000180003128 f   libvcruntime:riscchandler.obj
 0001:00002334       __vcrt_initialize          0000000180003334 f   libvcruntime:initialization.obj
 0001:0000235c       __vcrt_thread_attach       000000018000335c f   libvcruntime:initialization.obj
 0001:00002370       __vcrt_thread_detach       0000000180003370 f   libvcruntime:initialization.obj
 0001:00002384       __vcrt_uninitialize        0000000180003384 f   libvcruntime:initialization.obj
 0001:000023a0       __vcrt_uninitialize_critical 00000001800033a0 f   libvcruntime:initialization.obj
 0001:000023b0       __DestructExceptionObject  00000001800033b0 f   libvcruntime:ehhelpers.obj
 0001:00002420       ?_CallMemberFunction0@@YAXQEAX0@Z 0000000180003420 f i libvcruntime:ehhelpers.obj
 0001:00002424       _IsExceptionObjectToBeDestroyed 0000000180003424 f   libvcruntime:ehhelpers.obj
 0001:00002454       __AdjustPointer            0000000180003454 f   libvcruntime:ehhelpers.obj
 0001:00002478       __FrameUnwindFilter        0000000180003478 f   libvcruntime:ehhelpers.obj
 0001:000024f0       memset_repmovs             00000001800034f0 f   libvcruntime:memset.obj
 0001:00002510       memset                     0000000180003510 f   libvcruntime:memset.obj
 0001:000026a0       ??$?0$00@DName@@QEAA@PEBDU?$StringLifeSelector@$00@@@Z 00000001800036a0 f i libvcruntime:undname.obj
 0001:000026e0       ??$?0$01@DName@@QEAA@PEBDU?$StringLifeSelector@$01@@@Z 00000001800036e0 f i libvcruntime:undname.obj
 0001:000026e0       ??$?0$0A@@DName@@QEAA@PEBDU?$StringLifeSelector@$0A@@@@Z 00000001800036e0 f i libvcruntime:undname.obj
 0001:00002720       ??$?0$0A@@pcharNode@@QEAA@PEBDHU?$StringLifeSelector@$0A@@@@Z 0000000180003720 f i libvcruntime:undname.obj
 0001:00002720       ??$?0$01@pcharNode@@QEAA@PEBDHU?$StringLifeSelector@$01@@@Z 0000000180003720 f i libvcruntime:undname.obj
 0001:00002794       ??$append@VDNameStatusNode@@@DName@@AEAAXPEBVDNameStatusNode@@@Z 0000000180003794 f i libvcruntime:undname.obj
 0001:00002794       ??$append@VcharNode@@@DName@@AEAAXPEBVcharNode@@@Z 0000000180003794 f i libvcruntime:undname.obj
 0001:00002794       ??$append@VDNameNode@@@DName@@AEAAXPEBVDNameNode@@@Z 0000000180003794 f i libvcruntime:undname.obj
 0001:00002794       ??$append@VpcharNode@@@DName@@AEAAXPEBVpcharNode@@@Z 0000000180003794 f i libvcruntime:undname.obj
 0001:000027f8       ??$doPchar@$00@DName@@AEAAXPEBDH@Z 00000001800037f8 f i libvcruntime:undname.obj
 0001:0000289c       ??$doPchar@$01@DName@@AEAAXPEBDH@Z 000000018000389c f i libvcruntime:undname.obj
 0001:0000289c       ??$doPchar@$0A@@DName@@AEAAXPEBDH@Z 000000018000389c f i libvcruntime:undname.obj
 0001:00002934       ??0DName@@QEAA@AEAPEBDD@Z  0000000180003934 f   libvcruntime:undname.obj
 0001:000029e4       ??0DName@@QEAA@AEBUStringLiteral@@@Z 00000001800039e4 f   libvcruntime:undname.obj
 0001:00002a10       ??0DName@@QEAA@PEAV0@@Z    0000000180003a10 f   libvcruntime:undname.obj
 0001:00002a94       ??0DName@@QEAA@_J@Z        0000000180003a94 f   libvcruntime:undname.obj
 0001:00002b3c       ??0DName@@QEAA@_K@Z        0000000180003b3c f   libvcruntime:undname.obj
 0001:00002bcc       ??2@YAPEAX_KAEAV_HeapManager@@H@Z 0000000180003bcc f   libvcruntime:undname.obj
 0001:00002bf8       ??AReplicator@@QEBA?AVDName@@H@Z 0000000180003bf8 f   libvcruntime:undname.obj
 0001:00002c38       ??HDName@@QEBA?AV0@AEBUStringLiteral@@@Z 0000000180003c38 f   libvcruntime:undname.obj
 0001:00002c64       ??HDName@@QEBA?AV0@AEBV0@@Z 0000000180003c64 f   libvcruntime:undname.obj
 0001:00002c90       ??HDName@@QEBA?AV0@D@Z     0000000180003c90 f   libvcruntime:undname.obj
 0001:00002cbc       ??HDName@@QEBA?AV0@W4DNameStatus@@@Z 0000000180003cbc f   libvcruntime:undname.obj
 0001:00002ce8       ??YDName@@QEAAAEAV0@AEBUStringLiteral@@@Z 0000000180003ce8 f   libvcruntime:undname.obj
 0001:00002d68       ??YDName@@QEAAAEAV0@AEBV0@@Z 0000000180003d68 f   libvcruntime:undname.obj
 0001:00002e1c       ??YDName@@QEAAAEAV0@D@Z    0000000180003e1c f   libvcruntime:undname.obj
 0001:00002e88       ??YDName@@QEAAAEAV0@W4DNameStatus@@@Z 0000000180003e88 f   libvcruntime:undname.obj
 0001:00002ef4       ??YReplicator@@QEAAAEAV0@AEBVDName@@@Z 0000000180003ef4 f   libvcruntime:undname.obj
 0001:00002f4c       ?UScore@UnDecorator@@SA?AUStringLiteral@@W4Tokens@@@Z 0000000180003f4c f   libvcruntime:undname.obj
 0001:00002f98       ?composeDeclaration@UnDecorator@@CA?AVDName@@AEBV2@@Z 0000000180003f98 f i libvcruntime:undname.obj
 0001:00003e40       ?doPchar@DName@@AEAAXD@Z   0000000180004e40 f   libvcruntime:undname.obj
 0001:00003e90       ?getAddressOf@UnDecorator@@CA?AVDName@@XZ 0000000180004e90 f   libvcruntime:undname.obj
 0001:00003f20       ?getArgumentList@UnDecorator@@CA?AVDName@@XZ 0000000180004f20 f   libvcruntime:undname.obj
 0001:000040b4       ?getArgumentTypes@UnDecorator@@CA?AVDName@@XZ 00000001800050b4 f   libvcruntime:undname.obj
 0001:00004210       ?getArrayAccess@UnDecorator@@CA?AVDName@@XZ 0000000180005210 f   libvcruntime:undname.obj
 0001:000042ac       ?getArrayObject@UnDecorator@@CA?AVDName@@XZ 00000001800052ac f   libvcruntime:undname.obj
 0001:00004374       ?getArrayType@UnDecorator@@CA?AVDName@@AEBV2@@Z 0000000180005374 f i libvcruntime:undname.obj
 0001:000045bc       ?getBasedType@UnDecorator@@CA?AVDName@@XZ 00000001800055bc f   libvcruntime:undname.obj
 0001:000046b4       ?getBasicDataType@UnDecorator@@CA?AVDName@@AEBV2@@Z 00000001800056b4 f   libvcruntime:undname.obj
 0001:00004c64       ?getCallingConvention@UnDecorator@@CA?AVDName@@XZ 0000000180005c64 f   libvcruntime:undname.obj
 0001:00004da4       ?getDataIndirectType@UnDecorator@@CA?AVDName@@AEBV2@W4IndirectionKind@@0H@Z 0000000180005da4 f   libvcruntime:undname.obj
 0001:0000563c       ?getDataType@UnDecorator@@CA?AVDName@@PEAV2@@Z 000000018000663c f   libvcruntime:undname.obj
 0001:00005750       ?getDecoratedName@UnDecorator@@CA?AVDName@@XZ 0000000180006750 f   libvcruntime:undname.obj
 0001:00005a34       ?getDimension@UnDecorator@@CA?AVDName@@_N@Z 0000000180006a34 f   libvcruntime:undname.obj
 0001:00005b80       ?getDispatchTarget@UnDecorator@@CA?AVDName@@XZ 0000000180006b80 f   libvcruntime:undname.obj
 0001:00005bcc       ?getECSUDataType@UnDecorator@@CA?AVDName@@XZ 0000000180006bcc f   libvcruntime:undname.obj
 0001:00005dac       ?getEnumType@UnDecorator@@CA?AVDName@@XZ 0000000180006dac f i libvcruntime:undname.obj
 0001:00005edc       ?getExtendedDataIndirectType@UnDecorator@@CA?AVDName@@AEAW4IndirectionKind@@AEA_NH@Z 0000000180006edc f   libvcruntime:undname.obj
 0001:000060e4       ?getExternalDataType@UnDecorator@@CA?AVDName@@AEBV2@@Z 00000001800070e4 f i libvcruntime:undname.obj
 0001:000061a4       ?getFloatingPoint@UnDecorator@@CA?AVDName@@H@Z 00000001800071a4 f   libvcruntime:undname.obj
 0001:000062cc       ?getFunctionIndirectType@UnDecorator@@CA?AVDName@@AEBV2@@Z 00000001800072cc f   libvcruntime:undname.obj
 0001:00006804       ?getLastChar@DNameStatusNode@@UEBADXZ 0000000180007804 f i libvcruntime:undname.obj
 0001:00006810       ?getLastChar@charNode@@UEBADXZ 0000000180007810 f i libvcruntime:undname.obj
 0001:00006814       ?getLastChar@pDNameNode@@UEBADXZ 0000000180007814 f i libvcruntime:undname.obj
 0001:00006840       ?getLastChar@pairNode@@UEBADXZ 0000000180007840 f i libvcruntime:undname.obj
 0001:00006878       ?getLastChar@pcharNode@@UEBADXZ 0000000180007878 f i libvcruntime:undname.obj
 0001:0000688c       ?getLexicalFrame@UnDecorator@@CA?AVDName@@XZ 000000018000788c f i libvcruntime:undname.obj
 0001:000068f0       ?getMemberAccess@UnDecorator@@CA?AVDName@@XZ 00000001800078f0 f   libvcruntime:undname.obj
 0001:00006984       ?getMemoryWithBuffer@_HeapManager@@QEAAPEAX_K@Z 0000000180007984 f   libvcruntime:undname.obj
 0001:00006a14       ?getNoexcept@UnDecorator@@CA?AVDName@@XZ 0000000180007a14 f   libvcruntime:undname.obj
 0001:00006a78       ?getNumberOfDimensions@UnDecorator@@CAHXZ 0000000180007a78 f   libvcruntime:undname.obj
 0001:00006aec       ?getOperatorName@UnDecorator@@CA?AVDName@@_NPEA_N@Z 0000000180007aec f i libvcruntime:undname.obj
 0001:000074e0       ?getPointerToMember@UnDecorator@@CA?AVDName@@XZ 00000001800084e0 f   libvcruntime:undname.obj
 0001:000075d8       ?getPrimaryDataType@UnDecorator@@CA?AVDName@@AEBV2@@Z 00000001800085d8 f   libvcruntime:undname.obj
 0001:0000788c       ?getPtrRefDataType@UnDecorator@@CA?AVDName@@AEBV2@H@Z 000000018000888c f   libvcruntime:undname.obj
 0001:00007a58       ?getPtrRefType@UnDecorator@@CA?AVDName@@AEBV2@0W4IndirectionKind@@@Z 0000000180008a58 f   libvcruntime:undname.obj
 0001:00007c30       ?getRestrictionSpec@UnDecorator@@CA?AVDName@@XZ 0000000180008c30 f   libvcruntime:undname.obj
 0001:00007dfc       ?getReturnType@UnDecorator@@CA?AVDName@@PEAV2@@Z 0000000180008dfc f   libvcruntime:undname.obj
 0001:00007e30       ?getScope@UnDecorator@@CA?AVDName@@XZ 0000000180008e30 f   libvcruntime:undname.obj
 0001:000082e4       ?getScopedName@UnDecorator@@CA?AVDName@@XZ 00000001800092e4 f   libvcruntime:undname.obj
 0001:00008420       ?getSignedDimension@UnDecorator@@CA?AVDName@@XZ 0000000180009420 f   libvcruntime:undname.obj
 0001:000084a8       ?getString@DNameStatusNode@@UEBAPEADPEAD0@Z 00000001800094a8 f i libvcruntime:undname.obj
 0001:000084f0       ?getString@charNode@@UEBAPEADPEAD0@Z 00000001800094f0 f i libvcruntime:undname.obj
 0001:00008504       ?getString@pDNameNode@@UEBAPEADPEAD0@Z 0000000180009504 f i libvcruntime:undname.obj
 0001:00008534       ?getString@pairNode@@UEBAPEADPEAD0@Z 0000000180009534 f i libvcruntime:undname.obj
 0001:00008580       ?getString@pcharNode@@UEBAPEADPEAD0@Z 0000000180009580 f i libvcruntime:undname.obj
 0001:000085b8       ?getStringEncoding@UnDecorator@@CA?AVDName@@W4PrefixKind@@H@Z 00000001800095b8 f   libvcruntime:undname.obj
 0001:0000869c       ?getStringObject@UnDecorator@@CA?AVDName@@XZ 000000018000969c f   libvcruntime:undname.obj
 0001:00008704       ?getSymbolName@UnDecorator@@CA?AVDName@@XZ 0000000180009704 f i libvcruntime:undname.obj
 0001:00008750       ?getTemplateArgumentList@UnDecorator@@CA?AVDName@@XZ 0000000180009750 f   libvcruntime:undname.obj
 0001:000089c4       ?getTemplateName@UnDecorator@@CA?AVDName@@_N@Z 00000001800099c4 f   libvcruntime:undname.obj
 0001:00008c58       ?getTemplateNonTypeArgument@UnDecorator@@CA?AVDName@@XZ 0000000180009c58 f   libvcruntime:undname.obj
 0001:0000918c       ?getTemplateTypeArgument@UnDecorator@@CA?AVDName@@XZ 000000018000a18c f   libvcruntime:undname.obj
 0001:000092f4       ?getThrowTypes@UnDecorator@@CA?AVDName@@XZ 000000018000a2f4 f   libvcruntime:undname.obj
 0001:00009318       ?getTypeEncoding@UnDecorator@@CAHXZ 000000018000a318 f i libvcruntime:undname.obj
 0001:000096a8       ?getUndecoratedName@UnDecorator@@QEAAPEADPEADH@Z 000000018000a6a8 f i libvcruntime:undname.obj
 0001:000097fc       ?getUnionObject@UnDecorator@@CA?AVDName@@XZ 000000018000a7fc f   libvcruntime:undname.obj
 0001:000098d4       ?getVCallThunkType@UnDecorator@@CA?AVDName@@XZ 000000018000a8d4 f i libvcruntime:undname.obj
 0001:0000994c       ?getValue@UnDecorator@@CA?AV?$optional@_K@std@@XZ 000000018000a94c f   libvcruntime:undname.obj
 0001:000099c0       ?getValueObject@UnDecorator@@CA?AVDName@@XZ 000000018000a9c0 f   libvcruntime:undname.obj
 0001:00009b18       ?getVdispMapType@UnDecorator@@CA?AVDName@@AEBV2@@Z 000000018000ab18 f i libvcruntime:undname.obj
 0001:00009b94       ?getVfTableType@UnDecorator@@CA?AVDName@@AEBV2@@Z 000000018000ab94 f i libvcruntime:undname.obj
 0001:00009d9c       ?getZName@UnDecorator@@CA?AVDName@@_N0@Z 000000018000ad9c f   libvcruntime:undname.obj
 0001:0000a084       ?length@DNameStatusNode@@UEBAHXZ 000000018000b084 f i libvcruntime:undname.obj
 0001:0000a084       ?raw_length@DNameStatusNode@@UEBAHXZ 000000018000b084 f i libvcruntime:undname.obj
 0001:0000a088       ?length@pDNameNode@@UEBAHXZ 000000018000b088 f i libvcruntime:undname.obj
 0001:0000a0b0       ?length@pairNode@@UEBAHXZ  000000018000b0b0 f i libvcruntime:undname.obj
 0001:0000a0f8       ?length@pcharNode@@UEBAHXZ 000000018000b0f8 f i libvcruntime:undname.obj
 0001:0000a0f8       ?raw_length@pcharNode@@UEBAHXZ 000000018000b0f8 f i libvcruntime:undname.obj
 0001:0000a0fc       ?parseDecoratedName@UnDecorator@@CA?AVDName@@XZ 000000018000b0fc f   libvcruntime:undname.obj
 0001:0000a210       ?raw_length@pDNameNode@@UEBAHXZ 000000018000b210 f i libvcruntime:undname.obj
 0001:0000a214       ?raw_length@pairNode@@UEBAHXZ 000000018000b214 f i libvcruntime:undname.obj
 0001:0000a218       __unDName                  000000018000b218 f   libvcruntime:undname.obj
 0001:0000a240       __unDNameEx                000000018000b240 f   libvcruntime:undname.obj
 0001:0000a374       sprintf_s                  000000018000b374 f i libvcruntime:undname.obj
 0001:0000a3e0       _NLG_Notify                000000018000b3e0 f   libvcruntime:notify.obj
 0001:0000a400       __NLG_Dispatch2            000000018000b400 f   libvcruntime:notify.obj
 0001:0000a410       __NLG_Return2              000000018000b410 f   libvcruntime:notify.obj
 0001:0000a414       __except_validate_context_record 000000018000b414 f   libvcruntime:jbcxrval.obj
 0001:0000a44c       __vcrt_freefls             000000018000b44c f   libvcruntime:per_thread_data.obj
 0001:0000a46c       __vcrt_freeptd             000000018000b46c f   libvcruntime:per_thread_data.obj
 0001:0000a4bc       __vcrt_getptd              000000018000b4bc f   libvcruntime:per_thread_data.obj
 0001:0000a4d8       __vcrt_getptd_noexit       000000018000b4d8 f   libvcruntime:per_thread_data.obj
 0001:0000a598       __vcrt_initialize_ptd      000000018000b598 f   libvcruntime:per_thread_data.obj
 0001:0000a5e0       __vcrt_uninitialize_ptd    000000018000b5e0 f   libvcruntime:per_thread_data.obj
 0001:0000a604       __vcrt_initialize_locks    000000018000b604 f   libvcruntime:locks.obj
 0001:0000a638       __vcrt_lock                000000018000b638 f   libvcruntime:locks.obj
 0001:0000a654       __vcrt_uninitialize_locks  000000018000b654 f   libvcruntime:locks.obj
 0001:0000a68c       __vcrt_unlock              000000018000b68c f   libvcruntime:locks.obj
 0001:0000a6a8       ??$_CallSETranslator@V__FrameHandler4@@@@YAHPEAUEHExceptionRecord@@PEA_KPEAU_CONTEXT@@PEAU_xDISPATCHER_CONTEXT@@PEAUFuncInfo4@FH4@@K1H@Z 000000018000b6a8 f i libvcruntime:risctrnsctrl.obj
 0001:0000a6fc       ?DecompFuncInfo@FH4@@YA_JPEAEAEAUFuncInfo4@1@_KH_N@Z 000000018000b6fc f i libvcruntime:risctrnsctrl.obj
 0001:0000a820       ?ExecutionInCatch@__FrameHandler4@@SA_NPEAU_xDISPATCHER_CONTEXT@@PEAUFuncInfo4@FH4@@@Z 000000018000b820 f   libvcruntime:risctrnsctrl.obj
 0001:0000a828       ?FrameUnwindToEmptyState@__FrameHandler4@@SAXPEA_KPEAU_xDISPATCHER_CONTEXT@@PEAUFuncInfo4@FH4@@@Z 000000018000b828 f   libvcruntime:risctrnsctrl.obj
 0001:0000a85c       ?GetEstablisherFrame@__FrameHandler4@@SAPEA_KPEA_KPEAU_xDISPATCHER_CONTEXT@@PEAUFuncInfo4@FH4@@0@Z 000000018000b85c f   libvcruntime:risctrnsctrl.obj
 0001:0000a880       ?GetRangeOfTrysToCheck@__FrameHandler4@@SA?AU?$pair@Viterator@TryBlockMap4@FH4@@V123@@std@@AEAVTryBlockMap4@FH4@@HPEAU_xDISPATCHER_CONTEXT@@PEAUFuncInfo4@5@H@Z 000000018000b880 f   libvcruntime:risctrnsctrl.obj
 0001:0000a9e8       ?UnwindNestedFrames@__FrameHandler4@@SAXPEA_KPEAUEHExceptionRecord@@PEAU_CONTEXT@@0PEAXPEAUFuncInfo4@FH4@@HHPEAUHandlerType4@5@PEAU_xDISPATCHER_CONTEXT@@E@Z 000000018000b9e8 f   libvcruntime:risctrnsctrl.obj
 0001:0000ab08       ?setBuffer@TryBlockMap4@FH4@@QEAAXViterator@12@@Z 000000018000bb08 f i libvcruntime:risctrnsctrl.obj
 0001:0000acc8       _CreateFrameInfo           000000018000bcc8 f   libvcruntime:risctrnsctrl.obj
 0001:0000ad04       _FindAndUnlinkFrame        000000018000bd04 f   libvcruntime:risctrnsctrl.obj
 0001:0000ad58       _GetImageBase              000000018000bd58 f   libvcruntime:risctrnsctrl.obj
 0001:0000ad6c       _GetThrowImageBase         000000018000bd6c f   libvcruntime:risctrnsctrl.obj
 0001:0000ad80       _SetImageBase              000000018000bd80 f   libvcruntime:risctrnsctrl.obj
 0001:0000ad98       _SetThrowImageBase         000000018000bd98 f   libvcruntime:risctrnsctrl.obj
 0001:0000adb0       __CxxFrameHandler4         000000018000bdb0 f   libvcruntime:risctrnsctrl.obj
 0001:0000ae80       memcpy_repmovs             000000018000be80 f   libvcruntime:memcpy.obj
 0001:0000aea0       memcpy                     000000018000bea0 f   libvcruntime:memcpy.obj
 0001:0000aea0       memmove                    000000018000bea0 f   libvcruntime:memcpy.obj
 0001:0000b668       __vcrt_FlsAlloc            000000018000c668 f   libvcruntime:winapi_downlevel.obj
 0001:0000b6b0       __vcrt_FlsFree             000000018000c6b0 f   libvcruntime:winapi_downlevel.obj
 0001:0000b6f8       __vcrt_FlsGetValue         000000018000c6f8 f   libvcruntime:winapi_downlevel.obj
 0001:0000b740       __vcrt_FlsSetValue         000000018000c740 f   libvcruntime:winapi_downlevel.obj
 0001:0000b794       __vcrt_InitializeCriticalSectionEx 000000018000c794 f   libvcruntime:winapi_downlevel.obj
 0001:0000b7f8       ?StateFromControlPc@__FrameHandler4@@SAHPEAUFuncInfo4@FH4@@PEAU_xDISPATCHER_CONTEXT@@@Z 000000018000c7f8 f   libvcruntime:ehstate.obj
 0001:0000b800       ?StateFromIp@__FrameHandler4@@SAHPEAUFuncInfo4@FH4@@PEAU_xDISPATCHER_CONTEXT@@_K@Z 000000018000c800 f   libvcruntime:ehstate.obj
 0001:0000c470       ??$TypeMatchHelper@V__FrameHandler3@@@@YAHPEBU_s_HandlerType@@PEBU_s_CatchableType@@PEBU_s_ThrowInfo@@@Z 000000018000d470 f i libvcruntime:frame.obj
 0001:0000c5b0       ??$TypeMatchHelper@V__FrameHandler4@@@@YAHPEAUHandlerType4@FH4@@PEBU_s_CatchableType@@PEBU_s_ThrowInfo@@@Z 000000018000d5b0 f i libvcruntime:frame.obj
 0001:0000c6f4       ??$__InternalCxxFrameHandler@V__FrameHandler4@@@@YA?AW4_EXCEPTION_DISPOSITION@@PEAUEHExceptionRecord@@PEA_KPEAU_CONTEXT@@PEAU_xDISPATCHER_CONTEXT@@PEAUFuncInfo4@FH4@@H1E@Z 000000018000d6f4 f i libvcruntime:frame.obj
 0001:0000c988       ??0HandlerMap4@FH4@@QEAA@PEBUTryBlockMapEntry4@1@_KH@Z 000000018000d988 f i libvcruntime:frame.obj
 0001:0000ca04       ??0TryBlockMap4@FH4@@QEAA@PEBUFuncInfo4@1@_K@Z 000000018000da04 f i libvcruntime:frame.obj
 0001:0000cadc       ??0bad_exception@std@@QEAA@AEBV01@@Z 000000018000dadc f i libvcruntime:frame.obj
 0001:0000cb18       ??0bad_exception@std@@QEAA@XZ 000000018000db18 f i libvcruntime:frame.obj
 0001:0000cb38       ??0exception@std@@QEAA@AEBV01@@Z 000000018000db38 f i libvcruntime:frame.obj
 0001:0000cb6c       ??1bad_exception@std@@UEAA@XZ 000000018000db6c f i libvcruntime:frame.obj
 0001:0000cb80       ??_Gexception@std@@UEAAPEAXI@Z 000000018000db80 f i libvcruntime:frame.obj
 0001:0000cb80       ??_Eexception@std@@UEAAPEAXI@Z 000000018000db80 f i libvcruntime:frame.obj
 0001:0000cb80       ??_Gbad_exception@std@@UEAAPEAXI@Z 000000018000db80 f i libvcruntime:frame.obj
 0001:0000cb80       ??_Ebad_exception@std@@UEAAPEAXI@Z 000000018000db80 f i libvcruntime:frame.obj
 0001:0000cbc4       ?CxxCallCatchBlock@__FrameHandler4@@SAPEAXPEAU_EXCEPTION_RECORD@@@Z 000000018000dbc4 f   libvcruntime:frame.obj
 0001:0000ce14       ?DecompHandler@HandlerMap4@FH4@@AEAAXXZ 000000018000de14 f i libvcruntime:frame.obj
 0001:0000d054       ?FrameUnwindToState@__FrameHandler4@@SAXPEA_KPEAU_xDISPATCHER_CONTEXT@@PEAUFuncInfo4@FH4@@H@Z 000000018000e054 f   libvcruntime:frame.obj
 0001:0000d4b4       ?ReadEntry@UWMap4@FH4@@AEAAXPEAPEAE@Z 000000018000e4b4 f i libvcruntime:frame.obj
 0001:0000d554       ?_CallMemberFunction1@@YAXQEAX00@Z 000000018000e554 f i libvcruntime:frame.obj
 0001:0000d560       ?_CallMemberFunction2@@YAXQEAX00H@Z 000000018000e560 f i libvcruntime:frame.obj
 0001:0000d570       ?getStartStop@UWMap4@FH4@@QEAAXHHAEAViterator@12@0@Z 000000018000e570 f i libvcruntime:frame.obj
 0001:0000d640       ?getStateFromIterators@UWMap4@FH4@@SAHAEBViterator@12@H0H0@Z 000000018000e640 f i libvcruntime:frame.obj
 0001:0000d708       ?what@exception@std@@UEBAPEBDXZ 000000018000e708 f i libvcruntime:frame.obj
 0001:0000d730       _CallSettingFrame          000000018000e730 f   libvcruntime:handlers.obj
 0001:0000d780       _CallSettingFrame_LookupContinuationIndex 000000018000e780 f   libvcruntime:handlers.obj
 0001:0000d7b0       _CallSettingFrame_NotifyContinuationAddr 000000018000e7b0 f   libvcruntime:handlers.obj
 0001:0000d7e0       _CallSettingFrameEncoded   000000018000e7e0 f   libvcruntime:handlers.obj
 0001:0000d828       __std_exception_copy       000000018000e828 f   libvcruntime:std_exception.obj
 0001:0000d8b8       __std_exception_destroy    000000018000e8b8 f   libvcruntime:std_exception.obj
 0001:0000d8e0       _CxxThrowException         000000018000e8e0 f   libvcruntime:throw.obj
 0001:0000d980       free                       000000018000e980 f   libucrt:free.obj
 0001:0000d994       _initterm                  000000018000e994 f   libucrt:initterm.obj
 0001:0000d9f8       _initterm_e                000000018000e9f8 f   libucrt:initterm.obj
 0001:0000da38       _seh_filter_dll            000000018000ea38 f   libucrt:exception_filter.obj
 0001:0000da4c       _seh_filter_exe            000000018000ea4c f   libucrt:exception_filter.obj
 0001:0000de3c       __acrt_initialize_thread_local_exit_callback 000000018000ee3c f   libucrt:exit.obj
 0001:0000de44       _cexit                     000000018000ee44 f   libucrt:exit.obj
 0001:0000de54       _exit                      000000018000ee54 f   libucrt:exit.obj
 0001:0000de60       _is_c_termination_complete 000000018000ee60 f   libucrt:exit.obj
 0001:0000e028       __acrt_allocate_buffer_for_argv 000000018000f028 f   libucrt:argv_parsing.obj
 0001:0000e088       _configure_narrow_argv     000000018000f088 f   libucrt:argv_parsing.obj
 0001:0000e400       __dcrt_uninitialize_environments_nolock 000000018000f400 f   libucrt:environment_initialization.obj
 0001:0000e438       _initialize_narrow_environment 000000018000f438 f   libucrt:environment_initialization.obj
 0001:0000e594       _execute_onexit_table      000000018000f594 f   libucrt:onexit.obj
 0001:0000e5d0       _initialize_onexit_table   000000018000f5d0 f   libucrt:onexit.obj
 0001:0000e630       __acrt_uninitialize_command_line 000000018000f630 f   libucrt:argv_data.obj
 0001:0000e728       __acrt_initialize          000000018000f728 f   libucrt:initialization.obj
 0001:0000e73c       __acrt_thread_attach       000000018000f73c f   libucrt:initialization.obj
 0001:0000e750       __acrt_thread_detach       000000018000f750 f   libucrt:initialization.obj
 0001:0000e760       __acrt_uninitialize        000000018000f760 f   libucrt:initialization.obj
 0001:0000e798       __acrt_uninitialize_critical 000000018000f798 f   libucrt:initialization.obj
 0001:0000e7a8       terminate                  000000018000f7a8 f   libucrt:terminate.obj
 0001:0000e7c8       abort                      000000018000f7c8 f   libucrt:abort.obj
 0001:0000e820       malloc                     000000018000f820 f   libucrt:malloc.obj
 0001:0000e828       strcpy_s                   000000018000f828 f   libucrt:strcpy_s.obj
 0001:0000ea54       ??$ensure_buffer_is_big_enough@D@formatting_buffer@__crt_stdio_output@@QEAA_N_K@Z 000000018000fa54 f i libucrt:output.obj
 0001:0000eafc       ??$type_case_integer_parse_into_buffer@I@?$output_processor@DV?$string_output_adapter@D@__crt_stdio_output@@V?$format_validation_base@DV?$string_output_adapter@D@__crt_stdio_output@@@2@@__crt_stdio_output@@AEAAXII_N@Z 000000018000fafc f i libucrt:output.obj
 0001:0000eb84       ??$type_case_integer_parse_into_buffer@_K@?$output_processor@DV?$string_output_adapter@D@__crt_stdio_output@@V?$format_validation_base@DV?$string_output_adapter@D@__crt_stdio_output@@@2@@__crt_stdio_output@@AEAAX_KI_N@Z 000000018000fb84 f i libucrt:output.obj
 0001:0000ec14       ??$write_multiple_characters@V?$string_output_adapter@D@__crt_stdio_output@@D@__crt_stdio_output@@YAXAEBV?$string_output_adapter@D@0@DHQEAH@Z 000000018000fc14 f i libucrt:output.obj
 0001:0000ec8c       ??0_LocaleUpdate@@QEAA@QEAU__crt_locale_pointers@@@Z 000000018000fc8c f i libucrt:output.obj
 0001:0000ed30       ?crop_zeroes@__crt_stdio_output@@YAXPEADQEAU__crt_locale_pointers@@@Z 000000018000fd30 f i libucrt:output.obj
 0001:0000edd0       ?force_decimal_point@__crt_stdio_output@@YAXPEADQEAU__crt_locale_pointers@@@Z 000000018000fdd0 f i libucrt:output.obj
 0001:0000ee48       ?parse_int_from_format_string@?$output_processor@DV?$string_output_adapter@D@__crt_stdio_output@@V?$format_validation_base@DV?$string_output_adapter@D@__crt_stdio_output@@@2@@__crt_stdio_output@@AEAA_NQEAH@Z 000000018000fe48 f i libucrt:output.obj
 0001:0000eeec       ?process@?$output_processor@DV?$string_output_adapter@D@__crt_stdio_output@@V?$format_validation_base@DV?$string_output_adapter@D@__crt_stdio_output@@@2@@__crt_stdio_output@@QEAAHXZ 000000018000feec f i libucrt:output.obj
 0001:0000f100       ?state_case_normal@?$output_processor@DV?$string_output_adapter@D@__crt_stdio_output@@V?$format_validation_base@DV?$string_output_adapter@D@__crt_stdio_output@@@2@@__crt_stdio_output@@AEAA_NXZ 0000000180010100 f i libucrt:output.obj
 0001:0000f174       ?state_case_normal_tchar@?$output_processor@DV?$string_output_adapter@D@__crt_stdio_output@@V?$format_validation_base@DV?$string_output_adapter@D@__crt_stdio_output@@@2@@__crt_stdio_output@@AEAA_ND@Z 0000000180010174 f i libucrt:output.obj
 0001:0000f21c       ?state_case_size@?$output_processor@DV?$string_output_adapter@D@__crt_stdio_output@@V?$format_validation_base@DV?$string_output_adapter@D@__crt_stdio_output@@@2@@__crt_stdio_output@@AEAA_NXZ 000000018001021c f i libucrt:output.obj
 0001:0000f38c       ?state_case_type@?$output_processor@DV?$string_output_adapter@D@__crt_stdio_output@@V?$format_validation_base@DV?$string_output_adapter@D@__crt_stdio_output@@@2@@__crt_stdio_output@@AEAA_NXZ 000000018001038c f i libucrt:output.obj
 0001:0000f600       ?to_integer_size@__crt_stdio_output@@YA_KW4length_modifier@1@@Z 0000000180010600 f i libucrt:output.obj
 0001:0000f668       ?type_case_Z@?$output_processor@DV?$string_output_adapter@D@__crt_stdio_output@@V?$format_validation_base@DV?$string_output_adapter@D@__crt_stdio_output@@@2@@__crt_stdio_output@@AEAA_NXZ 0000000180010668 f i libucrt:output.obj
 0001:0000f6dc       ?type_case_a@?$output_processor@DV?$string_output_adapter@D@__crt_stdio_output@@V?$format_validation_base@DV?$string_output_adapter@D@__crt_stdio_output@@@2@@__crt_stdio_output@@AEAA_NXZ 00000001800106dc f i libucrt:output.obj
 0001:0000f898       ?type_case_c_tchar@?$output_processor@DV?$string_output_adapter@D@__crt_stdio_output@@V?$format_validation_base@DV?$string_output_adapter@D@__crt_stdio_output@@@2@@__crt_stdio_output@@AEAA_ND@Z 0000000180010898 f i libucrt:output.obj
 0001:0000f960       ?type_case_integer@?$output_processor@DV?$string_output_adapter@D@__crt_stdio_output@@V?$format_validation_base@DV?$string_output_adapter@D@__crt_stdio_output@@@2@@__crt_stdio_output@@AEAA_NI_N@Z 0000000180010960 f i libucrt:output.obj
 0001:0000fae0       ?type_case_n@?$output_processor@DV?$string_output_adapter@D@__crt_stdio_output@@V?$format_validation_base@DV?$string_output_adapter@D@__crt_stdio_output@@@2@@__crt_stdio_output@@AEAA_NXZ 0000000180010ae0 f i libucrt:output.obj
 0001:0000fb68       ?type_case_s@?$output_processor@DV?$string_output_adapter@D@__crt_stdio_output@@V?$format_validation_base@DV?$string_output_adapter@D@__crt_stdio_output@@@2@@__crt_stdio_output@@AEAA_NXZ 0000000180010b68 f i libucrt:output.obj
 0001:0000fc00       ?write_stored_string_tchar@?$output_processor@DV?$string_output_adapter@D@__crt_stdio_output@@V?$format_validation_base@DV?$string_output_adapter@D@__crt_stdio_output@@@2@@__crt_stdio_output@@AEAA_ND@Z 0000000180010c00 f i libucrt:output.obj
 0001:0000fcdc       ?write_string@?$string_output_adapter@D@__crt_stdio_output@@QEBAXQEBDHQEAHAEAV__crt_deferred_errno_cache@@@Z 0000000180010cdc f i libucrt:output.obj
 0001:0000fd80       __stdio_common_vsprintf_s  0000000180010d80 f   libucrt:output.obj
 0001:0000fde4       ??$parse_integer@KV?$c_string_character_source@D@__crt_strtox@@@__crt_strtox@@YAKQEAU__crt_locale_pointers@@V?$c_string_character_source@D@0@H_N@Z 0000000180010de4 f i libucrt:atox.obj
 0001:000100e8       _ischartype_l              00000001800110e8 f i libucrt:atox.obj
 0001:00010160       atol                       0000000180011160 f   libucrt:atox.obj
 0001:000101a0       strncmp                    00000001800111a0 f   libucrt:strncmp.obj
 0001:00010220       calloc                     0000000180011220 f   libucrt:calloc.obj
 0001:00010228       wcsncmp                    0000000180011228 f   libucrt:wcsncmp.obj
 0001:00010254       _free_base                 0000000180011254 f   libucrt:free_base.obj
 0001:0001060c       __acrt_freeptd             000000018001160c f   libucrt:per_thread_data.obj
 0001:00010650       __acrt_getptd              0000000180011650 f   libucrt:per_thread_data.obj
 0001:00010724       __acrt_getptd_head         0000000180011724 f   libucrt:per_thread_data.obj
 0001:000107cc       __acrt_getptd_noexit       00000001800117cc f   libucrt:per_thread_data.obj
 0001:00010898       __acrt_initialize_ptd      0000000180011898 f   libucrt:per_thread_data.obj
 0001:000108d4       __acrt_uninitialize_ptd    00000001800118d4 f   libucrt:per_thread_data.obj
 0001:000108f8       __acrt_initialize_locks    00000001800118f8 f   libucrt:locks.obj
 0001:00010940       __acrt_lock                0000000180011940 f   libucrt:locks.obj
 0001:0001095c       __acrt_uninitialize_locks  000000018001195c f   libucrt:locks.obj
 0001:00010994       __acrt_unlock              0000000180011994 f   libucrt:locks.obj
 0001:000109b0       __acrt_get_process_end_policy 00000001800119b0 f   libucrt:win_policies.obj
 0001:000109ec       __acrt_call_reportfault    00000001800119ec f   libucrt:invalid_parameter.obj
 0001:00010b48       __acrt_initialize_invalid_parameter_handler 0000000180011b48 f   libucrt:invalid_parameter.obj
 0001:00010b50       _invalid_parameter         0000000180011b50 f   libucrt:invalid_parameter.obj
 0001:00010c00       _invalid_parameter_noinfo  0000000180011c00 f   libucrt:invalid_parameter.obj
 0001:00010c20       _invoke_watson             0000000180011c20 f   libucrt:invalid_parameter.obj
 0001:00010c68       __acrt_errno_from_os_error 0000000180011c68 f   libucrt:errno.obj
 0001:00010cb0       __acrt_errno_map_os_error  0000000180011cb0 f   libucrt:errno.obj
 0001:00010d00       __doserrno                 0000000180011d00 f   libucrt:errno.obj
 0001:00010d20       _errno                     0000000180011d20 f   libucrt:errno.obj
 0001:00010d40       _calloc_base               0000000180011d40 f   libucrt:calloc_base.obj
 0001:00010dcc       ??$__acrt_mbs_to_wcs_cp@U__crt_win32_buffer_internal_dynamic_resizing@@@@YAHQEBDAEAV?$__crt_win32_buffer@_WU__crt_win32_buffer_internal_dynamic_resizing@@@@I@Z 0000000180011dcc f i libucrt:argv_wildcards.obj
 0001:00010f44       ??$__acrt_wcs_to_mbs_cp@U__crt_win32_buffer_internal_dynamic_resizing@@@@YAHQEB_WAEAV?$__crt_win32_buffer@DU__crt_win32_buffer_internal_dynamic_resizing@@@@I@Z 0000000180011f44 f i libucrt:argv_wildcards.obj
 0001:00011774       __acrt_expand_narrow_argv_wildcards 0000000180012774 f   libucrt:argv_wildcards.obj
 0001:0001177c       ??$__acrt_wcs_to_mbs_cp@U__crt_win32_buffer_no_resizing@@@@YAHQEB_WAEAV?$__crt_win32_buffer@DU__crt_win32_buffer_no_resizing@@@@I@Z 000000018001277c f i libucrt:getmodulefilenamea.obj
 0001:00011890       __acrt_GetModuleFileNameA  0000000180012890 f   libucrt:getmodulefilenamea.obj
 0001:000120d8       __acrt_initialize_multibyte 00000001800130d8 f   libucrt:mbctype.obj
 0001:00012138       __acrt_update_thread_multibyte_data 0000000180013138 f   libucrt:mbctype.obj
 0001:00012154       _setmbcp_nolock            0000000180013154 f   libucrt:mbctype.obj
 0001:00012488       _ismbblead                 0000000180013488 f   libucrt:ismbbyte.obj
 0001:0001249c       __acrt_initialize_command_line 000000018001349c f   libucrt:argv_data.obj
 0001:000124c4       __acrt_MultiByteToWideChar 00000001800134c4 f   libucrt:multibytetowidechar.obj
 0001:00012520       __acrt_WideCharToMultiByte 0000000180013520 f   libucrt:widechartomultibyte.obj
 0001:000125d0       __dcrt_get_narrow_environment_from_os 00000001800135d0 f   libucrt:get_environment_from_os.obj
 0001:000126d4       _recalloc_base             00000001800136d4 f   libucrt:recalloc.obj
 0001:00012944       __acrt_AppPolicyGetProcessTerminationMethodInternal 0000000180013944 f   libucrt:winapi_thunks.obj
 0001:00012994       __acrt_AreFileApisANSI     0000000180013994 f   libucrt:winapi_thunks.obj
 0001:000129d0       __acrt_FlsAlloc            00000001800139d0 f   libucrt:winapi_thunks.obj
 0001:00012a18       __acrt_FlsFree             0000000180013a18 f   libucrt:winapi_thunks.obj
 0001:00012a60       __acrt_FlsGetValue         0000000180013a60 f   libucrt:winapi_thunks.obj
 0001:00012aa8       __acrt_FlsSetValue         0000000180013aa8 f   libucrt:winapi_thunks.obj
 0001:00012afc       __acrt_InitializeCriticalSectionEx 0000000180013afc f   libucrt:winapi_thunks.obj
 0001:00012b60       __acrt_LCMapStringEx       0000000180013b60 f   libucrt:winapi_thunks.obj
 0001:00012c3c       __acrt_LocaleNameToLCID    0000000180013c3c f   libucrt:winapi_thunks.obj
 0001:00012c8c       __acrt_initialize_winapi_thunks 0000000180013c8c f   libucrt:winapi_thunks.obj
 0001:00012cc0       __acrt_uninitialize_winapi_thunks 0000000180013cc0 f   libucrt:winapi_thunks.obj
 0001:00012d04       __acrt_initialize_heap     0000000180013d04 f   libucrt:heap_handle.obj
 0001:00012d20       __acrt_uninitialize_heap   0000000180013d20 f   libucrt:heap_handle.obj
 0001:00012f28       __acrt_initialize_lowio    0000000180013f28 f   libucrt:ioinit.obj
 0001:00012f64       __acrt_uninitialize_lowio  0000000180013f64 f   libucrt:ioinit.obj
 0001:00012fa4       __acrt_execute_initializers 0000000180013fa4 f   libucrt:shared_initialization.obj
 0001:00013024       __acrt_execute_uninitializers 0000000180014024 f   libucrt:shared_initialization.obj
 0001:00013060       __acrt_initialize_new_handler 0000000180014060 f   libucrt:new_handler.obj
 0001:00013068       _callnewh                  0000000180014068 f   libucrt:new_handler.obj
 0001:00013098       _query_new_handler         0000000180014098 f   libucrt:new_handler.obj
 0001:00013114       __acrt_get_sigabrt_handler 0000000180014114 f   libucrt:signal.obj
 0001:00013144       __acrt_initialize_signal_handlers 0000000180014144 f   libucrt:signal.obj
 0001:00013164       raise                      0000000180014164 f   libucrt:signal.obj
 0001:000133d0       __acrt_has_user_matherr    00000001800143d0 f   libucrt:matherr.obj
 0001:000133f0       __acrt_initialize_user_matherr 00000001800143f0 f   libucrt:matherr.obj
 0001:000133f8       __acrt_invoke_user_matherr 00000001800143f8 f   libucrt:matherr.obj
 0001:00013604       __acrt_stdio_flush_nolock  0000000180014604 f   libucrt:fflush.obj
 0001:00013680       _fflush_nolock             0000000180014680 f   libucrt:fflush.obj
 0001:000136cc       _flushall                  00000001800146cc f   libucrt:fflush.obj
 0001:000136d4       __acrt_initialize_stdio    00000001800146d4 f   libucrt:_file.obj
 0001:000137f4       __acrt_uninitialize_stdio  00000001800147f4 f   libucrt:_file.obj
 0001:00013850       _lock_file                 0000000180014850 f   libucrt:_file.obj
 0001:0001385c       _unlock_file               000000018001485c f   libucrt:_file.obj
 0001:00013868       _malloc_base               0000000180014868 f   libucrt:malloc_base.obj
 0001:000138c8       strtol                     00000001800148c8 f   libucrt:strtox.obj
 0001:000138f4       _mbtowc_l                  00000001800148f4 f   libucrt:mbtowc.obj
 0001:00013a74       mbtowc                     0000000180014a74 f   libucrt:mbtowc.obj
 0001:00013a7c       _wctomb_s_l                0000000180014a7c f   libucrt:wctomb.obj
 0001:00013c18       strnlen                    0000000180014c18 f   libucrt:strnlen.obj
 0001:00013d68       wcsnlen                    0000000180014d68 f   libucrt:strnlen.obj
 0001:00013f40       __acrt_update_locale_info  0000000180014f40 f   libucrt:locale_update.obj
 0001:00013f74       __acrt_update_multibyte_info 0000000180014f74 f   libucrt:locale_update.obj
 0001:000149b4       __acrt_fp_format           00000001800159b4 f   libucrt:cvt.obj
 0001:00014cec       _fileno                    0000000180015cec f   libucrt:fileno.obj
 0001:00014d14       _get_printf_count_output   0000000180015d14 f   libucrt:printf_count_output.obj
 0001:00014d9c       __acrt_set_locale_changed  0000000180015d9c f   libucrt:wsetlocale.obj
 0001:00014da8       __acrt_uninitialize_locale 0000000180015da8 f   libucrt:wsetlocale.obj
 0001:00014dd8       __pctype_func              0000000180015dd8 f   libucrt:ctype.obj
 0001:00014e08       _isctype_l                 0000000180015e08 f   libucrt:isctype.obj
 0001:00014f10       __acrt_add_locale_ref      0000000180015f10 f   libucrt:locale_refcounting.obj
 0001:00014f9c       __acrt_free_locale         0000000180015f9c f   libucrt:locale_refcounting.obj
 0001:00015114       __acrt_locale_add_lc_time_reference 0000000180016114 f   libucrt:locale_refcounting.obj
 0001:0001513c       __acrt_locale_free_lc_time_if_unreferenced 000000018001613c f   libucrt:locale_refcounting.obj
 0001:00015174       __acrt_locale_release_lc_time_reference 0000000180016174 f   libucrt:locale_refcounting.obj
 0001:0001519c       __acrt_release_locale_ref  000000018001619c f   libucrt:locale_refcounting.obj
 0001:00015244       __acrt_update_thread_locale_data 0000000180016244 f   libucrt:locale_refcounting.obj
 0001:000152b4       _updatetlocinfoEx_nolock   00000001800162b4 f   libucrt:locale_refcounting.obj
 0001:0001531c       _query_new_mode            000000018001631c f   libucrt:new_mode.obj
 0001:00015330       qsort                      0000000180016330 f   libucrt:qsort.obj
 0001:000156d0       strncpy_s                  00000001800166d0 f   libucrt:strncpy_s.obj
 0001:00015850       strpbrk                    0000000180016850 f   libucrt:strpbrk.obj
 0001:00015c18       _mbsdec                    0000000180016c18 f   libucrt:mbsdec.obj
 0001:00015c20       _mbsdec_l                  0000000180016c20 f   libucrt:mbsdec.obj
 0001:00015cb4       __acrt_GetStringTypeA      0000000180016cb4 f   libucrt:getstringtypea.obj
 0001:0001615c       __acrt_LCMapStringA        000000018001715c f   libucrt:lcmapstringa.obj
 0001:0001620c       _msize_base                000000018001720c f   libucrt:msize.obj
 0001:00016248       _realloc_base              0000000180017248 f   libucrt:realloc_base.obj
 0001:000162c4       __acrt_DownlevelLocaleNameToLCID 00000001800172c4 f   libucrt:lcidtoname_downlevel.obj
 0001:00016374       __acrt_lowio_create_handle_array 0000000180017374 f   libucrt:osfinfo.obj
 0001:0001641c       __acrt_lowio_destroy_handle_array 000000018001741c f   libucrt:osfinfo.obj
 0001:0001646c       __acrt_lowio_ensure_fh_exists 000000018001746c f   libucrt:osfinfo.obj
 0001:00016514       __acrt_lowio_lock_fh       0000000180017514 f   libucrt:osfinfo.obj
 0001:0001653c       __acrt_lowio_unlock_fh     000000018001753c f   libucrt:osfinfo.obj
 0001:00016564       _free_osfhnd               0000000180017564 f   libucrt:osfinfo.obj
 0001:00016620       _get_osfhandle             0000000180017620 f   libucrt:osfinfo.obj
 0001:00016724       _commit                    0000000180017724 f   libucrt:commit.obj
 0001:00017034       _write                     0000000180018034 f   libucrt:write.obj
 0001:00017120       _write_nolock              0000000180018120 f   libucrt:write.obj
 0001:00017404       _fcloseall                 0000000180018404 f   libucrt:closeall.obj
 0001:000174b8       __acrt_stdio_free_buffer_nolock 00000001800184b8 f   libucrt:_freebuf.obj
 0001:000174f8       _isatty                    00000001800184f8 f   libucrt:isatty.obj
 0001:00017558       _isleadbyte_l              0000000180018558 f i libucrt:_wctype.obj
 0001:000175a4       ?__mbrtowc_utf8@__crt_mbstring@@YA_KPEA_WPEBD_KPEAU_Mbstatet@@@Z 00000001800185a4 f   libucrt:mbrtowc.obj
 0001:000175e0       ?__mbsrtowcs_utf8@__crt_mbstring@@YA_KPEA_WPEAPEBD_KPEAU_Mbstatet@@@Z 00000001800185e0 f   libucrt:mbrtowc.obj
 0001:00017758       ?__c32rtomb_utf8@__crt_mbstring@@YA_KPEAD_UPEAU_Mbstatet@@@Z 0000000180018758 f   libucrt:c32rtomb.obj
 0001:0001780c       __acrt_fp_strflt_to_string 000000018001880c f   libucrt:_fptostr.obj
 0001:00017970       ?divide@__crt_strtox@@YA_KAEAUbig_integer@1@AEBU21@@Z 0000000180018970 f i libucrt:cfout.obj
 0001:00017d9c       __acrt_fltout              0000000180018d9c f   libucrt:cfout.obj
 0001:00019068       fegetround                 000000018001a068 f   libucrt:fegetround.obj
 0001:0001907c       __acrt_locale_free_monetary 000000018001a07c f   libucrt:initmon.obj
 0001:00019188       __acrt_locale_free_numeric 000000018001a188 f   libucrt:initnum.obj
 0001:0001924c       __acrt_locale_free_time    000000018001a24c f   libucrt:inittime.obj
 0001:00019354       __strncnt                  000000018001a354 f   libucrt:strncnt.obj
 0001:0001936c       __ascii_wcsnicmp           000000018001a36c f   libucrt:wcsnicmp.obj
 0001:000193b8       _query_app_type            000000018001a3b8 f   libucrt:report_runtime_error.obj
 0001:0001945c       _lseeki64_nolock           000000018001a45c f   libucrt:lseek.obj
 0001:00019464       _putwch_nolock             000000018001a464 f   libucrt:putwch.obj
 0001:000194a0       _fclose_nolock             000000018001a4a0 f   libucrt:fclose.obj
 0001:00019524       fclose                     000000018001a524 f   libucrt:fclose.obj
 0001:00019588       ?__mbrtoc32_utf8@__crt_mbstring@@YA_KPEA_UPEBD_KPEAU_Mbstatet@@@Z 000000018001a588 f   libucrt:mbrtoc32.obj
 0001:00019760       _controlfp_s               000000018001a760 f   libucrt:contrlfp.obj
 0001:000197c4       fegetenv                   000000018001a7c4 f   libucrt:fegetenv.obj
 0001:000197e4       fesetenv                   000000018001a7e4 f   libucrt:fesetenv.obj
 0001:00019830       feholdexcept               000000018001a830 f   libucrt:feholdexcept.obj
 0001:00019880       ceil                       000000018001a880 f   libucrt:ceil.obj
 0001:00019950       log10                      000000018001a950 f   libucrt:log10.obj
 0001:00019efc       __acrt_fenv_get_common_round_control 000000018001aefc f   libucrt:_fenvutils.obj
 0001:00019f08       __acrt_fenv_get_control    000000018001af08 f   libucrt:_fenvutils.obj
 0001:00019ffc       __acrt_fenv_get_status     000000018001affc f   libucrt:_fenvutils.obj
 0001:0001a050       __acrt_fenv_set_control    000000018001b050 f   libucrt:_fenvutils.obj
 0001:0001a198       __acrt_fenv_set_status     000000018001b198 f   libucrt:_fenvutils.obj
 0001:0001a21c       __dcrt_lowio_ensure_console_output_initialized 000000018001b21c f   libucrt:initcon.obj
 0001:0001a270       __dcrt_terminate_console_output 000000018001b270 f   libucrt:initcon.obj
 0001:0001a28c       __dcrt_write_console       000000018001b28c f   libucrt:initcon.obj
 0001:0001a3c0       _close                     000000018001b3c0 f   libucrt:close.obj
 0001:0001a464       _close_nolock              000000018001b464 f   libucrt:close.obj
 0001:0001a524       ?__acrt_stdio_free_stream@@YAXV__crt_stdio_stream@@@Z 000000018001b524 f   libucrt:stream.obj
 0001:0001a540       _clearfp                   000000018001b540 f   libucrt:ieee.obj
 0001:0001a5b0       _control87                 000000018001b5b0 f   libucrt:ieee.obj
 0001:0001a99c       _handle_error              000000018001b99c f   libucrt:libm_error.obj
 0001:0001aac4       _handle_nan                000000018001bac4 f   libucrt:libm_error.obj
 0001:0001aae0       __acrt_initialize_fma3     000000018001bae0 f   libucrt:fma3_available.obj
 0001:0001ab50       _log10_special             000000018001bb50 f   libucrt:log_special.obj
 0001:0001ac20       _get_fpsr                  000000018001bc20 f   libucrt:fpsr.obj
 0001:0001ac30       _set_fpsr                  000000018001bc30 f   libucrt:fpsr.obj
 0001:0001ac3a       _fclrf                     000000018001bc3a f   libucrt:fpsr.obj
 0001:0001ac4e       _frnd                      000000018001bc4e f   libucrt:fpsr.obj
 0001:0001ac70       _raise_exc                 000000018001bc70 f   libucrt:fpexcept.obj
 0001:0001ac98       _raise_exc_ex              000000018001bc98 f   libucrt:fpexcept.obj
 0001:0001afa8       _set_errno_from_matherr    000000018001bfa8 f   libucrt:fpexcept.obj
 0001:0001afd8       _clrfp                     000000018001bfd8 f   libucrt:fpctrl.obj
 0001:0001aff8       _ctrlfp                    000000018001bff8 f   libucrt:fpctrl.obj
 0001:0001b074       _set_statfp                000000018001c074 f   libucrt:fpctrl.obj
 0001:0001b094       _statfp                    000000018001c094 f   libucrt:fpctrl.obj
 0001:0001b0b0       _FindPESection             000000018001c0b0 f   LIBCMT:pesect.obj
 0001:0001b100       _IsNonwritableInCurrentImage 000000018001c100 f   LIBCMT:pesect.obj
 0001:0001b150       _ValidateImageBase         000000018001c150 f   LIBCMT:pesect.obj
 0001:0001b180       __GSHandlerCheck           000000018001c180 f   LIBCMT:gshandler.obj
 0001:0001b1a0       __GSHandlerCheckCommon     000000018001c1a0 f   LIBCMT:gshandler.obj
 0001:0001b210       __security_check_cookie    000000018001c210 f   LIBCMT:amdsecgs.obj
 0001:0001b230       __GSHandlerCheck_SEH       000000018001c230 f   LIBCMT:gshandlerseh.obj
 0001:0001b2b8       __raise_securityfailure    000000018001c2b8 f   LIBCMT:gs_report.obj
 0001:0001b2ec       __report_gsfailure         000000018001c2ec f   LIBCMT:gs_report.obj
 0001:0001b3c0       __report_rangecheckfailure 000000018001c3c0 f   LIBCMT:gs_report.obj
 0001:0001b3d4       __report_securityfailure   000000018001c3d4 f   LIBCMT:gs_report.obj
 0001:0001b570       _alloca_probe              000000018001c570 f   LIBCMT:chkstk.obj
 0001:0001b570       __chkstk                   000000018001c570 f   LIBCMT:chkstk.obj
 0001:0001b5c0       strrchr                    000000018001c5c0 f   libvcruntime:strrchr.obj
 0001:0001b700       memcmp                     000000018001c700 f   libvcruntime:memcmp.obj
 0001:0001b7e0       _guard_dispatch_icall_nop  000000018001c7e0 f   LIBCMT:guard_dispatch.obj
 0001:0001b800       _guard_xfg_dispatch_icall_nop 000000018001c800 f   LIBCMT:guard_xfg_dispatch.obj
 0002:00000000       __imp_LoadLibraryA         000000018001d000     kernel32:KERNEL32.dll
 0002:00000008       __imp_WriteConsoleW        000000018001d008     kernel32:KERNEL32.dll
 0002:00000010       __imp_RaiseException       000000018001d010     kernel32:KERNEL32.dll
 0002:00000018       __imp_GetLastError         000000018001d018     kernel32:KERNEL32.dll
 0002:00000020       __imp_GetSystemInfo        000000018001d020     kernel32:KERNEL32.dll
 0002:00000028       __imp_VirtualProtect       000000018001d028     kernel32:KERNEL32.dll
 0002:00000030       __imp_VirtualQuery         000000018001d030     kernel32:KERNEL32.dll
 0002:00000038       __imp_FreeLibrary          000000018001d038     kernel32:KERNEL32.dll
 0002:00000040       __imp_GetModuleHandleW     000000018001d040     kernel32:KERNEL32.dll
 0002:00000048       __imp_GetProcAddress       000000018001d048     kernel32:KERNEL32.dll
 0002:00000050       __imp_LoadLibraryExA       000000018001d050     kernel32:KERNEL32.dll
 0002:00000058       __imp_InitializeSListHead  000000018001d058     kernel32:KERNEL32.dll
 0002:00000060       __imp_QueryPerformanceCounter 000000018001d060     kernel32:KERNEL32.dll
 0002:00000068       __imp_GetCurrentProcessId  000000018001d068     kernel32:KERNEL32.dll
 0002:00000070       __imp_GetCurrentThreadId   000000018001d070     kernel32:KERNEL32.dll
 0002:00000078       __imp_GetSystemTimeAsFileTime 000000018001d078     kernel32:KERNEL32.dll
 0002:00000080       __imp_RtlCaptureContext    000000018001d080     kernel32:KERNEL32.dll
 0002:00000088       __imp_RtlLookupFunctionEntry 000000018001d088     kernel32:KERNEL32.dll
 0002:00000090       __imp_RtlVirtualUnwind     000000018001d090     kernel32:KERNEL32.dll
 0002:00000098       __imp_IsDebuggerPresent    000000018001d098     kernel32:KERNEL32.dll
 0002:000000a0       __imp_UnhandledExceptionFilter 000000018001d0a0     kernel32:KERNEL32.dll
 0002:000000a8       __imp_SetUnhandledExceptionFilter 000000018001d0a8     kernel32:KERNEL32.dll
 0002:000000b0       __imp_GetStartupInfoW      000000018001d0b0     kernel32:KERNEL32.dll
 0002:000000b8       __imp_IsProcessorFeaturePresent 000000018001d0b8     kernel32:KERNEL32.dll
 0002:000000c0       __imp_InterlockedPushEntrySList 000000018001d0c0     kernel32:KERNEL32.dll
 0002:000000c8       __imp_InterlockedFlushSList 000000018001d0c8     kernel32:KERNEL32.dll
 0002:000000d0       __imp_RtlUnwindEx          000000018001d0d0     kernel32:KERNEL32.dll
 0002:000000d8       __imp_SetLastError         000000018001d0d8     kernel32:KERNEL32.dll
 0002:000000e0       __imp_EnterCriticalSection 000000018001d0e0     kernel32:KERNEL32.dll
 0002:000000e8       __imp_LeaveCriticalSection 000000018001d0e8     kernel32:KERNEL32.dll
 0002:000000f0       __imp_DeleteCriticalSection 000000018001d0f0     kernel32:KERNEL32.dll
 0002:000000f8       __imp_InitializeCriticalSectionAndSpinCount 000000018001d0f8     kernel32:KERNEL32.dll
 0002:00000100       __imp_TlsAlloc             000000018001d100     kernel32:KERNEL32.dll
 0002:00000108       __imp_TlsGetValue          000000018001d108     kernel32:KERNEL32.dll
 0002:00000110       __imp_TlsSetValue          000000018001d110     kernel32:KERNEL32.dll
 0002:00000118       __imp_TlsFree              000000018001d118     kernel32:KERNEL32.dll
 0002:00000120       __imp_LoadLibraryExW       000000018001d120     kernel32:KERNEL32.dll
 0002:00000128       __imp_EncodePointer        000000018001d128     kernel32:KERNEL32.dll
 0002:00000130       __imp_RtlPcToFileHeader    000000018001d130     kernel32:KERNEL32.dll
 0002:00000138       __imp_GetCurrentProcess    000000018001d138     kernel32:KERNEL32.dll
 0002:00000140       __imp_ExitProcess          000000018001d140     kernel32:KERNEL32.dll
 0002:00000148       __imp_TerminateProcess     000000018001d148     kernel32:KERNEL32.dll
 0002:00000150       __imp_GetModuleHandleExW   000000018001d150     kernel32:KERNEL32.dll
 0002:00000158       __imp_GetModuleFileNameW   000000018001d158     kernel32:KERNEL32.dll
 0002:00000160       __imp_HeapFree             000000018001d160     kernel32:KERNEL32.dll
 0002:00000168       __imp_HeapAlloc            000000018001d168     kernel32:KERNEL32.dll
 0002:00000170       __imp_FindClose            000000018001d170     kernel32:KERNEL32.dll
 0002:00000178       __imp_FindFirstFileExW     000000018001d178     kernel32:KERNEL32.dll
 0002:00000180       __imp_FindNextFileW        000000018001d180     kernel32:KERNEL32.dll
 0002:00000188       __imp_IsValidCodePage      000000018001d188     kernel32:KERNEL32.dll
 0002:00000190       __imp_GetACP               000000018001d190     kernel32:KERNEL32.dll
 0002:00000198       __imp_GetOEMCP             000000018001d198     kernel32:KERNEL32.dll
 0002:000001a0       __imp_GetCPInfo            000000018001d1a0     kernel32:KERNEL32.dll
 0002:000001a8       __imp_GetCommandLineA      000000018001d1a8     kernel32:KERNEL32.dll
 0002:000001b0       __imp_GetCommandLineW      000000018001d1b0     kernel32:KERNEL32.dll
 0002:000001b8       __imp_MultiByteToWideChar  000000018001d1b8     kernel32:KERNEL32.dll
 0002:000001c0       __imp_WideCharToMultiByte  000000018001d1c0     kernel32:KERNEL32.dll
 0002:000001c8       __imp_GetEnvironmentStringsW 000000018001d1c8     kernel32:KERNEL32.dll
 0002:000001d0       __imp_FreeEnvironmentStringsW 000000018001d1d0     kernel32:KERNEL32.dll
 0002:000001d8       __imp_LCMapStringW         000000018001d1d8     kernel32:KERNEL32.dll
 0002:000001e0       __imp_GetProcessHeap       000000018001d1e0     kernel32:KERNEL32.dll
 0002:000001e8       __imp_GetStdHandle         000000018001d1e8     kernel32:KERNEL32.dll
 0002:000001f0       __imp_GetFileType          000000018001d1f0     kernel32:KERNEL32.dll
 0002:000001f8       __imp_GetStringTypeW       000000018001d1f8     kernel32:KERNEL32.dll
 0002:00000200       __imp_HeapSize             000000018001d200     kernel32:KERNEL32.dll
 0002:00000208       __imp_HeapReAlloc          000000018001d208     kernel32:KERNEL32.dll
 0002:00000210       __imp_SetStdHandle         000000018001d210     kernel32:KERNEL32.dll
 0002:00000218       __imp_FlushFileBuffers     000000018001d218     kernel32:KERNEL32.dll
 0002:00000220       __imp_WriteFile            000000018001d220     kernel32:KERNEL32.dll
 0002:00000228       __imp_GetConsoleOutputCP   000000018001d228     kernel32:KERNEL32.dll
 0002:00000230       __imp_GetConsoleMode       000000018001d230     kernel32:KERNEL32.dll
 0002:00000238       __imp_SetFilePointerEx     000000018001d238     kernel32:KERNEL32.dll
 0002:00000240       __imp_CreateFileW          000000018001d240     kernel32:KERNEL32.dll
 0002:00000248       __imp_CloseHandle          000000018001d248     kernel32:KERNEL32.dll
 0002:00000250       \177KERNEL32_NULL_THUNK_DATA 000000018001d250     kernel32:KERNEL32.dll
 0002:00000258       __guard_check_icall_fptr   000000018001d258     LIBCMT:guard_support.obj
 0002:00000260       __guard_xfg_check_icall_fptr 000000018001d260     LIBCMT:guard_support.obj
 0002:00000268       __guard_dispatch_icall_fptr 000000018001d268     LIBCMT:guard_support.obj
 0002:00000270       __guard_xfg_dispatch_icall_fptr 000000018001d270     LIBCMT:guard_support.obj
 0002:00000278       __guard_xfg_table_dispatch_icall_fptr 000000018001d278     LIBCMT:guard_support.obj
 0002:00000280       __xc_a                     000000018001d280     LIBCMT:initializers.obj
 0002:000002b8       __xc_z                     000000018001d2b8     LIBCMT:initializers.obj
 0002:000002c0       __xi_a                     000000018001d2c0     LIBCMT:initializers.obj
 0002:000002c8       __acrt_multibyte_initializer 000000018001d2c8     libucrt:multibyte_initializer.obj
 0002:000002d0       __acrt_stdio_initializer   000000018001d2d0     libucrt:stdio_initializer.obj
 0002:000002d8       __acrt_tran_fma3_initializer 000000018001d2d8     libucrt:fma3_initializer.obj
 0002:000002e0       __xi_z                     000000018001d2e0     LIBCMT:initializers.obj
 0002:000002e8       __xp_a                     000000018001d2e8     LIBCMT:initializers.obj
 0002:000002f0       __acrt_locale_terminator   000000018001d2f0     libucrt:locale_initializer.obj
 0002:000002f8       __dcrt_console_output_terminator 000000018001d2f8     libucrt:console_output_initializer.obj
 0002:00000300       __acrt_stdio_terminator    000000018001d300     libucrt:stdio_initializer.obj
 0002:00000308       __xp_z                     000000018001d308     LIBCMT:initializers.obj
 0002:00000310       __xt_a                     000000018001d310     LIBCMT:initializers.obj
 0002:00000318       __xt_z                     000000018001d318     LIBCMT:initializers.obj
 0002:00000340       ??_7PxFoundation@physx@@6B@ 000000018001d340     Cooking.obj
 0002:000003b0       ??_C@_0FF@DJHEADHD@C?3?2Users?2msi?2Desktop?2PhysX?9main@ 000000018001d3b0     Cooking.obj
 0002:00000410       ??_C@_0EO@IJDIOKOC@C?3?2Users?2msi?2Desktop?2PhysX?9main@ 000000018001d410     Cooking.obj
 0002:00000460       ??_C@_0BM@OIFKLHDN@?$DMallocation?5names?5disabled?$DO@ 000000018001d460     Cooking.obj
 0002:00000480       __xmm@000000003a83126f3a83126f3a83126f 000000018001d480     Cooking.obj
 0002:00000490       __xmm@00000000ba83126fba83126fba83126f 000000018001d490     Cooking.obj
 0002:000004a0       __xmm@3a83126f3a83126f3a83126f3a83126f 000000018001d4a0     Cooking.obj
 0002:000004b0       __xmm@ba83126fba83126fba83126fba83126f 000000018001d4b0     Cooking.obj
 0002:000004c0       ??_C@_0BA@EGLNOO@PhysXFoundation@ 000000018001d4c0     WindowsCookingDelayLoadHook.obj
 0002:000004d0       ??_C@_0M@ILKNCJKN@PhysXCommon@ 000000018001d4d0     WindowsCookingDelayLoadHook.obj
 0002:000004e0       __sz_PhysXCommon_64_dll    000000018001d4e0     PhysXCommon_64:PhysXCommon_64.dll
 0002:00000500       __sz_PhysXFoundation_64_dll 000000018001d500     PhysXFoundation_64:PhysXFoundation_64.dll
 0002:00000518       ??_C@_1BK@DBDEIDLH@?$AAK?$AAE?$AAR?$AAN?$AAE?$AAL?$AA3?$AA2?$AA?4?$AAD?$AAL?$AAL@ 000000018001d518     Delayimp:delayhlp.obj
 0002:00000538       ??_C@_0BI@OMNLIJDB@AcquireSRWLockExclusive@ 000000018001d538     Delayimp:delayhlp.obj
 0002:00000550       ??_C@_0BI@HMIEPCNJ@ReleaseSRWLockExclusive@ 000000018001d550     Delayimp:delayhlp.obj
 0002:00000568       __pfnDliFailureHook2       000000018001d568     Delayimp:delayhk1.obj
 0002:00000578       ??_7type_info@@6B@         000000018001d578     LIBCMT:std_type_info_static.obj
 0002:00000580       _pRawDllMain               000000018001d580     LIBCMT:dll_dllmain.obj
 0002:00000580       _pDefaultRawDllMain        000000018001d580     LIBCMT:dll_dllmain.obj
 0002:00000590       _load_config_used          000000018001d590     LIBCMT:loadcfg.obj
 0002:000006d0       __xmm@ffffffffffffffffffffffffffffffff 000000018001d6d0     LIBCMT:utility.obj
 0002:000006e0       _pDestructExceptionObject  000000018001d6e0     libvcruntime:ehhelpers.obj
 0002:00000df0       ??_C@_08EHJDFFNH@__based?$CI@ 000000018001ddf0     libvcruntime:undname.obj
 0002:00000e00       ??_C@_07KOLFKCDI@__cdecl@  000000018001de00     libvcruntime:undname.obj
[...]
 0002:0000a7a8       $unwind$?common_flush_all@@YAH_N@Z 00000001800277a8     libucrt:fflush.obj
 0002:0000a7b0       $unwind$??$?RV<lambda_842d9ff0dc9ef11c61343bbaebe7f885>@@AEAV<lambda_c5860995281e5c4ce005b3de8f5874ee>@@V<lambda_d90129c13df834fdcbf8d2b88dafcf2d>@@@?$__crt_seh_guarded_call@X@@QEAAX$$QEAV<lambda_842d9ff0dc9ef11c61343bbaebe7f885>@@AEAV<lambda_c5860995281e5c4ce005b3de8f5874ee>@@$$QEAV<lambda_d90129c13df834fdcbf8d2b88dafcf2d>@@@Z 00000001800277b0     libucrt:fflush.obj
 0002:0000a7d4       $unwind$??$?RV<lambda_886d6c58226a84441f68b9f2b8217b83>@@AEAV<lambda_ab61a845afdef5b7c387490eaf3616ee>@@V<lambda_f7f22ab5edc0698d5f6905b0d3f44752>@@@?$__crt_seh_guarded_call@X@@QEAAX$$QEAV<lambda_886d6c58226a84441f68b9f2b8217b83>@@AEAV<lambda_ab61a845afdef5b7c387490eaf3616ee>@@$$QEAV<lambda_f7f22ab5edc0698d5f6905b0d3f44752>@@@Z 00000001800277d4     libucrt:fflush.obj
 0002:0000a7fc       $unwind$_wctomb_s_l        00000001800277fc     libucrt:wctomb.obj
 0002:0000a80c       $unwind$__acrt_fp_format   000000018002780c     libucrt:cvt.obj
 0002:0000a824       $unwind$?fp_format_e_internal@@YAHQEAD_KH_NIQEAU_strflt@@2QEAU__crt_locale_pointers@@@Z 0000000180027824     libucrt:cvt.obj
 0002:0000a83c       $unwind$?fp_format_a@@YAHQEBNPEAD_KQEAD2H_NIQEAU__crt_locale_pointers@@W4__acrt_rounding_mode@@@Z 000000018002783c     libucrt:cvt.obj
 0002:0000a858       $unwind$?fp_format_g@@YAHQEBNQEAD_K12H_NIW4__acrt_rounding_mode@@QEAU__crt_locale_pointers@@@Z 0000000180027858     libucrt:cvt.obj
 0002:0000a86c       $unwind$??$?RV<lambda_410d79af7f07d98d83a3f525b3859a53>@@AEAV<lambda_3e16ef9562a7dcce91392c22ab16ea36>@@V<lambda_38119f0e861e05405d8a144b9b982f0a>@@@?$__crt_seh_guarded_call@X@@QEAAX$$QEAV<lambda_410d79af7f07d98d83a3f525b3859a53>@@AEAV<lambda_3e16ef9562a7dcce91392c22ab16ea36>@@$$QEAV<lambda_38119f0e861e05405d8a144b9b982f0a>@@@Z 000000018002786c     libucrt:wsetlocale.obj
 0002:0000a894       $unwind$_isctype_l         0000000180027894     libucrt:isctype.obj
 0002:0000a8b0       $unwind$__acrt_update_thread_locale_data 00000001800278b0     libucrt:locale_refcounting.obj
 0002:0000a8d4       $unwind$qsort              00000001800278d4     libucrt:qsort.obj
 0002:0000a8ec       $chain$4$qsort             00000001800278ec     libucrt:qsort.obj
 0002:0000a910       $chain$5$qsort             0000000180027910     libucrt:qsort.obj
 0002:0000a920       $unwind$strpbrk            0000000180027920     libucrt:strpbrk.obj
 0002:0000a930       $unwind$fallbackMethod     0000000180027930     libucrt:strpbrk.obj
 0002:0000a940       $unwind$__acrt_GetStringTypeA 0000000180027940     libucrt:getstringtypea.obj
 0002:0000a968       $unwind$__acrt_LCMapStringA 0000000180027968     libucrt:lcmapstringa.obj
 0002:0000a978       $unwind$?__acrt_LCMapStringA_stat@@YAHPEAU__crt_locale_pointers@@PEB_WKPEBDHPEADHHH@Z 0000000180027978     libucrt:lcmapstringa.obj
 0002:0000a9a0       $unwind$__acrt_lowio_destroy_handle_array 00000001800279a0     libucrt:osfinfo.obj
 0002:0000a9b0       $unwind$__acrt_lowio_ensure_fh_exists 00000001800279b0     libucrt:osfinfo.obj
 0002:0000a9dc       $unwind$_close             00000001800279dc     libucrt:close.obj
 0002:0000a9dc       $unwind$_commit            00000001800279dc     libucrt:commit.obj
 0002:0000a9e4       $unwind$??$?RV<lambda_a37b2b86f63e897a80ea819b0eb08c01>@@AEAV<lambda_38ce7e780aa69e748d6df282ebc68efe>@@V<lambda_99fb1378e971ab6e7edea83e3a7a83a2>@@@?$__crt_seh_guarded_call@H@@QEAAH$$QEAV<lambda_a37b2b86f63e897a80ea819b0eb08c01>@@AEAV<lambda_38ce7e780aa69e748d6df282ebc68efe>@@$$QEAV<lambda_99fb1378e971ab6e7edea83e3a7a83a2>@@@Z 00000001800279e4     libucrt:commit.obj
 0002:0000aa08       $unwind$_write             0000000180027a08     libucrt:write.obj
 0002:0000aa38       $unwind$_write_nolock      0000000180027a38     libucrt:write.obj
 0002:0000aa50       $unwind$?write_double_translated_ansi_nolock@@YA?AUwrite_result@?A0x17268360@@HQEBDI@Z 0000000180027a50     libucrt:write.obj
 0002:0000aa74       $unwind$?write_text_ansi_nolock@@YA?AUwrite_result@?A0x17268360@@HQEBDI@Z 0000000180027a74     libucrt:write.obj
 0002:0000aa74       $unwind$?write_text_utf16le_nolock@@YA?AUwrite_result@?A0x17268360@@HQEBDI@Z 0000000180027a74     libucrt:write.obj
 0002:0000aa94       $unwind$?write_text_utf8_nolock@@YA?AUwrite_result@?A0x17268360@@HQEBDI@Z 0000000180027a94     libucrt:write.obj
 0002:0000aab8       $unwind$_fcloseall         0000000180027ab8     libucrt:closeall.obj
 0002:0000aadc       $unwind$?__mbsrtowcs_utf8@__crt_mbstring@@YA_KPEA_WPEAPEBD_KPEAU_Mbstatet@@@Z 0000000180027adc     libucrt:mbrtowc.obj
 0002:0000aaf4       $unwind$__acrt_fltout      0000000180027af4     libucrt:cfout.obj
 0002:0000ab14       $unwind$?divide@__crt_strtox@@YA_KAEAUbig_integer@1@AEBU21@@Z 0000000180027b14     libucrt:cfout.obj
 0002:0000ab2c       $chain$0$?divide@__crt_strtox@@YA_KAEAUbig_integer@1@AEBU21@@Z 0000000180027b2c     libucrt:cfout.obj
 0002:0000ab40       $chain$1$?divide@__crt_strtox@@YA_KAEAUbig_integer@1@AEBU21@@Z 0000000180027b40     libucrt:cfout.obj
 0002:0000ab50       $unwind$__acrt_locale_free_monetary 0000000180027b50     libucrt:initmon.obj
 0002:0000ab58       $unwind$__acrt_locale_free_time 0000000180027b58     libucrt:inittime.obj
 0002:0000ab68       $unwind$_putwch_nolock     0000000180027b68     libucrt:putwch.obj
 0002:0000ab70       $unwind$fclose             0000000180027b70     libucrt:fclose.obj
 0002:0000ab94       $unwind$?__mbrtoc32_utf8@__crt_mbstring@@YA_KPEA_UPEBD_KPEAU_Mbstatet@@@Z 0000000180027b94     libucrt:mbrtoc32.obj
 0002:0000abb0       $xdatasym                  0000000180027bb0     libucrt:log10.obj
 0002:0000abbc       $unwind$__acrt_fenv_set_control 0000000180027bbc     libucrt:_fenvutils.obj
 0002:0000abcc       $unwind$??$?RV<lambda_751a882b2c74d4b022dec766aa51a29a>@@AEAV<lambda_628dfdc04ba53c8bfc02c9951375f3f5>@@V<lambda_f6c7be5f7998530c34de24c7437d6b54>@@@?$__crt_seh_guarded_call@H@@QEAAH$$QEAV<lambda_751a882b2c74d4b022dec766aa51a29a>@@AEAV<lambda_628dfdc04ba53c8bfc02c9951375f3f5>@@$$QEAV<lambda_f6c7be5f7998530c34de24c7437d6b54>@@@Z 0000000180027bcc     libucrt:close.obj
 0002:0000abf0       $unwind$common_control87   0000000180027bf0     libucrt:ieee.obj
 0002:0000ac1c       $unwind$_call_matherr      0000000180027c1c     libucrt:libm_error.obj
 0002:0000ac24       $unwind$_handle_error      0000000180027c24     libucrt:libm_error.obj
 0002:0000ac44       $unwind$__acrt_initialize_fma3 0000000180027c44     libucrt:fma3_available.obj
 0002:0000ac4c       $unwind$_log_special_common 0000000180027c4c     libucrt:log_special.obj
 0002:0000ac58       $xdatasym                  0000000180027c58     libucrt:fpsr.obj
 0002:0000ac60       $unwind$_raise_exc_ex      0000000180027c60     libucrt:fpexcept.obj
 0002:0000ac74       $unwind$_ctrlfp            0000000180027c74     libucrt:fpctrl.obj
 0002:0000ac9c       $unwind$_IsNonwritableInCurrentImage 0000000180027c9c     LIBCMT:pesect.obj
 0002:0000acc0       $unwind$__GSHandlerCheckCommon 0000000180027cc0     LIBCMT:gshandler.obj
 0002:0000acc8       $xdatasym                  0000000180027cc8     LIBCMT:amdsecgs.obj
 0002:0000accc       $unwind$__report_securityfailure 0000000180027ccc     LIBCMT:gs_report.obj
 0002:0000acd4       $unwind$__report_gsfailure 0000000180027cd4     LIBCMT:gs_report.obj
 0002:0000acdc       $unwind$capture_current_context 0000000180027cdc     LIBCMT:gs_report.obj
 0002:0000ace8       $unwind$capture_previous_context 0000000180027ce8     LIBCMT:gs_report.obj
 0002:0000acf8       $xdatasym                  0000000180027cf8     LIBCMT:chkstk.obj
 0002:0000ad00       $xdatasym                  0000000180027d00     libvcruntime:memcmp.obj
 0002:0000b220       .edata                     0000000180028220     PhysXCooking_64.exp
 0002:0000b248       rgpv                       0000000180028248     PhysXCooking_64.exp
 0002:0000b330       rgszName                   0000000180028330     PhysXCooking_64.exp
 0002:0000b418       rgwOrd                     0000000180028418     PhysXCooking_64.exp
 0002:0000b48c       szName                     000000018002848c     PhysXCooking_64.exp
 0002:0000b4a0       $N00001                    00000001800284a0     PhysXCooking_64.exp
 0002:0000b4c4       $N00002                    00000001800284c4     PhysXCooking_64.exp
 0002:0000b4f3       $N00003                    00000001800284f3     PhysXCooking_64.exp
 0002:0000b51a       $N00004                    000000018002851a     PhysXCooking_64.exp
 0002:0000b571       $N00005                    0000000180028571     PhysXCooking_64.exp
 0002:0000b59c       $N00006                    000000018002859c     PhysXCooking_64.exp
 0002:0000b5c2       $N00007                    00000001800285c2     PhysXCooking_64.exp
 0002:0000b5e1       $N00008                    00000001800285e1     PhysXCooking_64.exp
 0002:0000b605       $N00009                    0000000180028605     PhysXCooking_64.exp
 0002:0000b62c       $N00010                    000000018002862c     PhysXCooking_64.exp
 0002:0000b655       $N00011                    0000000180028655     PhysXCooking_64.exp
 0002:0000b674       $N00012                    0000000180028674     PhysXCooking_64.exp
 0002:0000b6a7       $N00013                    00000001800286a7     PhysXCooking_64.exp
 0002:0000b6dd       $N00014                    00000001800286dd     PhysXCooking_64.exp
 0002:0000b715       $N00015                    0000000180028715     PhysXCooking_64.exp
 0002:0000b747       $N00016                    0000000180028747     PhysXCooking_64.exp
 0002:0000b773       $N00017                    0000000180028773     PhysXCooking_64.exp
 0002:0000b78f       $N00018                    000000018002878f     PhysXCooking_64.exp
 0002:0000b7b9       $N00019                    00000001800287b9     PhysXCooking_64.exp
 0002:0000b7f5       $N00020                    00000001800287f5     PhysXCooking_64.exp
 0002:0000b830       $N00021                    0000000180028830     PhysXCooking_64.exp
 0002:0000b86b       $N00022                    000000018002886b     PhysXCooking_64.exp
 0002:0000b8a0       $N00023                    00000001800288a0     PhysXCooking_64.exp
 0002:0000b8dc       $N00024                    00000001800288dc     PhysXCooking_64.exp
 0002:0000b90f       $N00025                    000000018002890f     PhysXCooking_64.exp
 0002:0000b942       $N00026                    0000000180028942     PhysXCooking_64.exp
 0002:0000b97c       $N00027                    000000018002897c     PhysXCooking_64.exp
 0002:0000b9b6       $N00028                    00000001800289b6     PhysXCooking_64.exp
 0002:0000b9e3       $N00029                    00000001800289e3     PhysXCooking_64.exp
 0002:0000ba16       $N00030                    0000000180028a16     PhysXCooking_64.exp
 0002:0000ba44       $N00031                    0000000180028a44     PhysXCooking_64.exp
 0002:0000ba71       $N00032                    0000000180028a71     PhysXCooking_64.exp
 0002:0000baad       $N00033                    0000000180028aad     PhysXCooking_64.exp
 0002:0000baea       $N00034                    0000000180028aea     PhysXCooking_64.exp
 0002:0000bb1a       $N00035                    0000000180028b1a     PhysXCooking_64.exp
 0002:0000bb31       $N00036                    0000000180028b31     PhysXCooking_64.exp
 0002:0000bb4c       $N00037                    0000000180028b4c     PhysXCooking_64.exp
 0002:0000bb63       $N00038                    0000000180028b63     PhysXCooking_64.exp
 0002:0000bb79       $N00039                    0000000180028b79     PhysXCooking_64.exp
 0002:0000bb90       $N00040                    0000000180028b90     PhysXCooking_64.exp
 0002:0000bba8       $N00041                    0000000180028ba8     PhysXCooking_64.exp
 0002:0000bbb2       $N00042                    0000000180028bb2     PhysXCooking_64.exp
 0002:0000bbc3       $N00043                    0000000180028bc3     PhysXCooking_64.exp
 0002:0000bbd5       $N00044                    0000000180028bd5     PhysXCooking_64.exp
 0002:0000bbe8       $N00045                    0000000180028be8     PhysXCooking_64.exp
 0002:0000bbfe       $N00046                    0000000180028bfe     PhysXCooking_64.exp
 0002:0000bc11       $N00047                    0000000180028c11     PhysXCooking_64.exp
 0002:0000bc1d       $N00048                    0000000180028c1d     PhysXCooking_64.exp
 0002:0000bc31       $N00049                    0000000180028c31     PhysXCooking_64.exp
 0002:0000bc44       $N00050                    0000000180028c44     PhysXCooking_64.exp
 0002:0000bc58       $N00051                    0000000180028c58     PhysXCooking_64.exp
 0002:0000bc6d       $N00052                    0000000180028c6d     PhysXCooking_64.exp
 0002:0000bc85       $N00053                    0000000180028c85     PhysXCooking_64.exp
 0002:0000bc9a       $N00054                    0000000180028c9a     PhysXCooking_64.exp
 0002:0000bcb7       $N00055                    0000000180028cb7     PhysXCooking_64.exp
 0002:0000bcd8       $N00056                    0000000180028cd8     PhysXCooking_64.exp
 0002:0000bcf7       $N00057                    0000000180028cf7     PhysXCooking_64.exp
 0002:0000bd0c       $N00058                    0000000180028d0c     PhysXCooking_64.exp
 0002:0000bfb8       .idata$6                   0000000180028fb8     kernel32:KERNEL32.dll
 0003:00000040       ?prefix@?1??getDimension@UnDecorator@@CA?AVDName@@_N@Z@4UStringLiteral@@A 000000018002a040     libvcruntime:undname.obj
 0003:00000050       ?__vcrt_flsindex@@3KA      000000018002a050     libvcruntime:per_thread_data.obj
 0003:00000070       ?__acrt_flsindex@@3KA      000000018002a070     libucrt:per_thread_data.obj
 0003:00000074       ?errno_no_memory@@3HA      000000018002a074     libucrt:errno.obj
 0003:00000078       ?doserrno_no_memory@@3KA   000000018002a078     libucrt:errno.obj
 0003:000002b0       _mbctypes                  000000018002a2b0     libucrt:mbctype.obj
 0003:000003c0       _mbcasemaps                000000018002a3c0     libucrt:mbctype.obj
 0003:000004c0       ?__rgctypeflag@@3PADA      000000018002a4c0     libucrt:mbctype.obj
 0003:000004d0       ?__rgcode_page_info@@3PAUcode_page_info@@A 000000018002a4d0     libucrt:mbctype.obj
 0003:000009e0       ?__dcrt_lowio_console_output_handle@@3PEAXEA 000000018002a9e0     libucrt:initcon.obj
 0003:000009e8       ?dazSupported@?1??common_control87@@9@9 000000018002a9e8     libucrt:ieee.obj
 0003:000009f0       ?dazSupported@?1??_ctrlfp@@9@9 000000018002a9f0     libucrt:fpctrl.obj
 0003:00000cb0       ?maxV3Error@vecMathTests@aos@physx@@3T__m128@@B 000000018002acb0     Cooking.obj
 0003:00000cc0       ?minFError@vecMathTests@aos@physx@@3T__m128@@B 000000018002acc0     Cooking.obj
 0003:00000cd0       ?maxV4Error@vecMathTests@aos@physx@@3T__m128@@B 000000018002acd0     Cooking.obj
 0003:00000ce0       ?minV4Error@vecMathTests@aos@physx@@3T__m128@@B 000000018002ace0     Cooking.obj
 0003:00000cf0       ?minV3Error@vecMathTests@aos@physx@@3T__m128@@B 000000018002acf0     Cooking.obj
 0003:00000d00       ?maxFError@vecMathTests@aos@physx@@3T__m128@@B 000000018002ad00     Cooking.obj
 0003:00000d10       ?gCookingDelayLoadHook@@3PEBVPxDelayLoadHook@physx@@EB 000000018002ad10     WindowsCookingDelayLoadHook.obj
 0003:00000d70       ?__proc_attached@@3HA      000000018002ad70     LIBCMT:dll_dllmain.obj
 0003:00000da0       ?is_initialized_as_dll@@3_NA 000000018002ada0     LIBCMT:utility.obj
 0003:00000da1       ?module_local_atexit_table_initialized@@3_NA 000000018002ada1     LIBCMT:utility.obj
 0003:00000da8       ?module_local_atexit_table@@3U_onexit_table_t@@A 000000018002ada8     LIBCMT:utility.obj
 0003:00000dc0       ?module_local_at_quick_exit_table@@3U_onexit_table_t@@A 000000018002adc0     LIBCMT:utility.obj
 0003:00000e30       ?heap@@3V_HeapManager@@A   000000018002ae30     libvcruntime:undname.obj
 0003:00000e60       ?__vcrt_startup_thread_ptd@@3U__vcrt_ptd@@A 000000018002ae60     libvcruntime:per_thread_data.obj
 0003:00000ee0       __vcrt_lock_table          000000018002aee0     libvcruntime:locks.obj
 0003:00000f08       __vcrt_locks_initialized   000000018002af08     libvcruntime:locks.obj
 0003:00000f10       ?module_handles@@3PAPEAUHINSTANCE__@@A 000000018002af10     libvcruntime:winapi_downlevel.obj
 0003:00000f28       ?function_pointers@@3PAPEAXA 000000018002af28     libvcruntime:winapi_downlevel.obj
 0003:00000f50       ?c_termination_complete@@3JA 000000018002af50     libucrt:exit.obj
 0003:00000f58       ?thread_local_exit_callback_func@@3P6AXPEAXK0@ZEA 000000018002af58     libucrt:exit.obj
 0003:00000f70       ?program_name@?1???$common_configure_argv@D@@YAHW4_crt_argv_mode@@@Z@4PADA 000000018002af70     libucrt:argv_parsing.obj
 0003:000010d0       ?__acrt_lock_table@@3PAU_RTL_CRITICAL_SECTION@@A 000000018002b0d0     libucrt:locks.obj
 0003:00001300       ?__acrt_locks_initialized@@3IA 000000018002b300     libucrt:locks.obj
 0003:00001308       ?__acrt_invalid_parameter_handler@@3V?$dual_state_global@P6AXPEB_W00I_K@Z@__crt_state_management@@A 000000018002b308     libucrt:invalid_parameter.obj
 0003:00001328       ?fSystemSet@@3HA           000000018002b328     libucrt:mbctype.obj
 0003:0000132c       ?initialized@?1??__acrt_initialize_multibyte@@9@4_NA 000000018002b32c     libucrt:mbctype.obj
 0003:00001360       ?module_handles@@3PAPEAUHINSTANCE__@@A 000000018002b360     libucrt:winapi_thunks.obj
 0003:00001400       ?encoded_function_pointers@@3PAPEAXA 000000018002b400     libucrt:winapi_thunks.obj
 0003:00001928       ?__acrt_new_handler@@3V?$dual_state_global@P6AH_K@Z@__crt_state_management@@A 000000018002b928     libucrt:new_handler.obj
 0003:00001930       ?ctrlc_action@@3V?$dual_state_global@P6AXH@Z@__crt_state_management@@A 000000018002b930     libucrt:signal.obj
 0003:00001938       ?ctrlbreak_action@@3V?$dual_state_global@P6AXH@Z@__crt_state_management@@A 000000018002b938     libucrt:signal.obj
 0003:00001940       ?abort_action@@3V?$dual_state_global@P6AXH@Z@__crt_state_management@@A 000000018002b940     libucrt:signal.obj
 0003:00001948       ?term_action@@3V?$dual_state_global@P6AXH@Z@__crt_state_management@@A 000000018002b948     libucrt:signal.obj
 0003:00001950       ?user_matherr@@3V?$dual_state_global@P6AHPEAU_exception@@@Z@__crt_state_management@@A 000000018002b950     libucrt:matherr.obj
 0003:00001980       ?internal_state@?1??_mbtowc_l@@9@4U_Mbstatet@@A 000000018002b980     libucrt:mbtowc.obj
 0003:00001988       ?enable_percent_n@@3_KA    000000018002b988     libucrt:printf_count_output.obj
 0003:00001994       ?__acrt_global_new_mode@@3V?$dual_state_global@J@__crt_state_management@@A 000000018002b994     libucrt:new_mode.obj
 0003:000019a0       ?__acrt_app_type@@3W4_crt_app_type@@A 000000018002b9a0     libucrt:report_runtime_error.obj
 0003:000019a8       ?internal_pst@?1??__mbrtoc32_utf8@__crt_mbstring@@YA_KPEA_UPEBD_KPEAU_Mbstatet@@@Z@4U3@A 000000018002b9a8     libucrt:mbrtoc32.obj
 0003:000019c0       GS_ExceptionRecord         000000018002b9c0     LIBCMT:gs_report.obj
 0003:00001a60       GS_ContextRecord           000000018002ba60     LIBCMT:gs_report.obj
 0005:00000000       MsetTab                    000000018002e000     libvcruntime:memset.obj
 0005:00000050       MoveSmall                  000000018002e050     libvcruntime:memcpy.obj
 0005:00000090       MoveSmallYmm               000000018002e090     libvcruntime:memcpy.obj
 0005:000000b4       MoveSmallYmmNT             000000018002e0b4     libvcruntime:memcpy.obj
 0005:000000d8       MoveSmallXmm               000000018002e0d8     libvcruntime:memcpy.obj
 0006:000000a0       $R000000                   000000018002f0a0     PhysXCooking.res
 0006:000003d0       $R000330                   000000018002f3d0     PhysXCooking.res
